ARM Linker, 5.03 [Build 24] [MDK-ARM Lite]

==============================================================================

Section Cross References

    arm_startup_nrf51.o(STACK) refers (Special) to heapauxi.o(.text) for __use_two_region_memory
    arm_startup_nrf51.o(HEAP) refers (Special) to heapauxi.o(.text) for __use_two_region_memory
    arm_startup_nrf51.o(RESET) refers (Special) to heapauxi.o(.text) for __use_two_region_memory
    arm_startup_nrf51.o(RESET) refers to arm_startup_nrf51.o(STACK) for __initial_sp
    arm_startup_nrf51.o(RESET) refers to arm_startup_nrf51.o(.text) for Reset_Handler
    arm_startup_nrf51.o(RESET) refers to main.o(.text) for UART0_IRQHandler
    arm_startup_nrf51.o(RESET) refers to app_timer.o(.text) for RTC1_IRQHandler
    arm_startup_nrf51.o(RESET) refers to ble_stack_handler.o(.text) for SWI2_IRQHandler
    arm_startup_nrf51.o(.text) refers (Special) to heapauxi.o(.text) for __use_two_region_memory
    arm_startup_nrf51.o(.text) refers to system_nrf51.o(.text) for SystemInit
    arm_startup_nrf51.o(.text) refers to __main.o(!!!main) for __main
    arm_startup_nrf51.o(.text) refers to arm_startup_nrf51.o(HEAP) for Heap_Mem
    arm_startup_nrf51.o(.text) refers to arm_startup_nrf51.o(STACK) for Stack_Mem
    system_nrf51.o(.text) refers to system_nrf51.o(.data) for SystemCoreClock
    main.o(.text) refers to app_timer.o(.text) for app_timer_init
    main.o(.text) refers to rt_memclr.o(.text) for __aeabi_memclr4
    main.o(.text) refers to ble_advdata.o(.text) for ble_advdata_set
    main.o(.text) refers to ble_conf.o(.text) for ble_conf_init
    main.o(.text) refers to ble_i2c.o(.text) for ble_i2c_init
    main.o(.text) refers to ble_conn_params.o(.text) for ble_conn_params_init
    main.o(.text) refers to main.o(.bss) for APP_TIMER_BUF
    main.o(.text) refers to ble_conf.o(.data) for device_name
    main.o(.text) refers to ble_conf.o(.bss) for m_conf
    main.o(.text) refers to ble_i2c.o(.bss) for m_i2c
    main.o(.text) refers to main.o(.data) for m_sec_params
    main.o(.text) refers to main.o(i.__ARM_common_switch8) for __ARM_common_switch8
    main.o(.text) refers to simple_uart.o(.text) for simple_uart_config
    main.o(.text) refers to ble_i2c.o(.data) for send_stop_bit
    main.o(.text) refers to ble_spi.o(.data) for spi_mode
    main.o(.text) refers to ble_uart.o(.data) for uart_parity_included
    main.o(.text) refers to ble_uart.o(.text) for ble_uart_config_send
    main.o(.text) refers to ble_spi.o(.text) for ble_spi_config_send
    main.o(.text) refers to h1_alloc.o(.text) for malloc
    main.o(.text) refers to twi_sw_master.o(.text) for twi_master_transfer
    main.o(.text) refers to h1_free.o(.text) for free
    main.o(.text) refers to spi_master.o(.text) for spi_master_tx_rx
    main.o(.text) refers to ble_dig.o(.text) for ble_dig_transmit_send
    main.o(.text) refers to ble_uart.o(.bss) for m_uart
    main.o(.text) refers to ble_spi.o(.bss) for m_spi
    main.o(.text) refers to ble_dig.o(.bss) for m_dig
    main.o(.text) refers to rt_memcpy.o(.text) for __aeabi_memcpy
    main.o(.text) refers to ble_stack_handler.o(.text) for ble_stack_handler_init
    main.o(.text) refers to app_scheduler.o(.text) for app_sched_init
    main.o(.text) refers to aeabi_sdiv.o(.text) for __aeabi_idivmod
    ble_srv_common.o(.text) refers to main.o(.text) for app_error_handler
    ble_srv_common.o(.text) refers to strlen.o(.text) for strlen
    ble_uart.o(.text) refers to rt_memclr.o(.text) for __aeabi_memclr4
    ble_uart.o(.text) refers to ble_uart.o(.data) for len_transmit_packet
    ble_uart.o(.text) refers to ble_uart.o(.bss) for initial_trans_state
    ble_uart.o(.text) refers to main.o(.text) for app_error_handler
    ble_uart.o(.text) refers to ble_uart.o(.constdata) for m_base_uuid128
    ble_i2c.o(.text) refers to rt_memclr.o(.text) for __aeabi_memclr4
    ble_i2c.o(.text) refers to ble_i2c.o(.data) for len_i2c_transmit_packet
    ble_i2c.o(.text) refers to ble_i2c.o(.bss) for initial_trans_state
    ble_i2c.o(.text) refers to main.o(.text) for app_error_handler
    ble_i2c.o(.text) refers to ble_i2c.o(.constdata) for m_base_uuid128
    ble_dig.o(.text) refers to rt_memclr.o(.text) for __aeabi_memclr4
    ble_dig.o(.text) refers to ble_dig.o(.bss) for m_dig
    ble_dig.o(.text) refers to ble_dig.o(.data) for len_dig_transmit_packet
    ble_dig.o(.text) refers to main.o(.text) for app_error_handler
    ble_dig.o(.text) refers to ble_dig.o(.constdata) for m_base_uuid128
    ble_ana.o(.text) refers to rt_memclr.o(.text) for __aeabi_memclr4
    ble_ana.o(.text) refers to main.o(.text) for app_error_handler
    ble_ana.o(.text) refers to ble_ana.o(.bss) for m_ana
    ble_ana.o(.text) refers to ble_ana.o(.data) for len_ana_transmit_packet
    ble_ana.o(.text) refers to ble_ana.o(.constdata) for m_base_uuid128
    ble_conf.o(.text) refers to rt_memclr.o(.text) for __aeabi_memclr4
    ble_conf.o(.text) refers to ble_conf.o(.data) for len_enter_passcode_packet
[...]
    sys_exit.o(.text) refers (Special) to indicate_semi.o(.text) for __semihosting_library_function
    rtexit.o(.ARM.Collect$$rtexit$$00000000) refers (Special) to rtexit2.o(.ARM.Collect$$rtexit$$00000004) for __rt_exit_exit
    rtexit.o(.ARM.Collect$$rtexit$$00000000) refers (Special) to rtexit2.o(.ARM.Collect$$rtexit$$00000003) for __rt_exit_ls
    rtexit.o(.ARM.Collect$$rtexit$$00000000) refers (Special) to rtexit2.o(.ARM.Collect$$rtexit$$00000002) for __rt_exit_prels_1
    rtexit.o(.ARM.exidx) refers (Special) to rtexit2.o(.ARM.Collect$$rtexit$$00000004) for __rt_exit_exit
    rtexit.o(.ARM.exidx) refers (Special) to rtexit2.o(.ARM.Collect$$rtexit$$00000003) for __rt_exit_ls
    rtexit.o(.ARM.exidx) refers (Special) to rtexit2.o(.ARM.Collect$$rtexit$$00000002) for __rt_exit_prels_1
    rtexit.o(.ARM.exidx) refers to rtexit.o(.ARM.Collect$$rtexit$$00000000) for .ARM.Collect$$rtexit$$00000000
    __raise.o(.text) refers to defsig.o(CL$$defsig) for __default_signal_handler
    defsig_general.o(.text) refers to sys_wrch.o(.text) for _ttywrch
    defsig_fpe_inner.o(.text) refers to defsig_general.o(.text) for __default_signal_display
    libshutdown2.o(.ARM.Collect$$libshutdown$$0000000C) refers (Weak) to term_alloc.o(.text) for _terminate_alloc
    sys_wrch.o(.text) refers (Special) to use_no_semi.o(.text) for __I$use$semihosting
    sys_wrch.o(.text) refers (Special) to indicate_semi.o(.text) for __semihosting_library_function
    rtexit2.o(.ARM.Collect$$rtexit$$00000003) refers to libshutdown.o(.ARM.Collect$$libshutdown$$00000000) for __rt_lib_shutdown
    rtexit2.o(.ARM.Collect$$rtexit$$00000004) refers to sys_exit.o(.text) for _sys_exit
    rtexit2.o(.ARM.exidx) refers to rtexit2.o(.ARM.Collect$$rtexit$$00000001) for .ARM.Collect$$rtexit$$00000001
    rtexit2.o(.ARM.exidx) refers to rtexit2.o(.ARM.Collect$$rtexit$$00000003) for .ARM.Collect$$rtexit$$00000003
    rtexit2.o(.ARM.exidx) refers to rtexit2.o(.ARM.Collect$$rtexit$$00000004) for .ARM.Collect$$rtexit$$00000004
    defsig.o(CL$$defsig) refers to defsig_fpe_inner.o(.text) for __rt_SIGFPE_inner
    defsig.o(CL$$defsig) refers to defsig_rtmem_inner.o(.text) for __rt_SIGRTMEM_inner
    defsig_abrt_inner.o(.text) refers to defsig_general.o(.text) for __default_signal_display
    defsig_rtred_inner.o(.text) refers to defsig_general.o(.text) for __default_signal_display
    defsig_stak_inner.o(.text) refers to defsig_general.o(.text) for __default_signal_display
    defsig_pvfn_inner.o(.text) refers to defsig_general.o(.text) for __default_signal_display
    defsig_cppl_inner.o(.text) refers to defsig_general.o(.text) for __default_signal_display
    defsig_segv_inner.o(.text) refers to defsig_general.o(.text) for __default_signal_display
    defsig_other.o(.text) refers to defsig_general.o(.text) for __default_signal_display
    libshutdown.o(.ARM.Collect$$libshutdown$$00000000) refers (Special) to libshutdown2.o(.ARM.Collect$$libshutdown$$00000006) for __rt_lib_shutdown_fp_trap_1
    libshutdown.o(.ARM.Collect$$libshutdown$$00000000) refers (Special) to libshutdown2.o(.ARM.Collect$$libshutdown$$0000000E) for __rt_lib_shutdown_heap_1
    libshutdown.o(.ARM.Collect$$libshutdown$$00000000) refers (Special) to libshutdown2.o(.ARM.Collect$$libshutdown$$0000000F) for __rt_lib_shutdown_return
    libshutdown.o(.ARM.Collect$$libshutdown$$00000000) refers (Special) to libshutdown2.o(.ARM.Collect$$libshutdown$$00000009) for __rt_lib_shutdown_signal_1
    libshutdown.o(.ARM.Collect$$libshutdown$$00000000) refers (Special) to libshutdown2.o(.ARM.Collect$$libshutdown$$00000003) for __rt_lib_shutdown_stdio_1
    libshutdown.o(.ARM.Collect$$libshutdown$$00000000) refers (Special) to libshutdown2.o(.ARM.Collect$$libshutdown$$0000000B) for __rt_lib_shutdown_user_alloc_1


==============================================================================

Removing Unused input sections from the image.

    Removing system_nrf51.o(.rev16_text), (4 bytes).
    Removing system_nrf51.o(.revsh_text), (4 bytes).
    Removing main.o(.rev16_text), (4 bytes).
    Removing main.o(.revsh_text), (4 bytes).
    Removing ble_srv_common.o(.rev16_text), (4 bytes).
    Removing ble_srv_common.o(.revsh_text), (4 bytes).
    Removing ble_srv_common.o(.text), (140 bytes).
    Removing ble_uart.o(.rev16_text), (4 bytes).
    Removing ble_uart.o(.revsh_text), (4 bytes).
    Removing ble_i2c.o(.rev16_text), (4 bytes).
    Removing ble_i2c.o(.revsh_text), (4 bytes).
    Removing ble_dig.o(.rev16_text), (4 bytes).
    Removing ble_dig.o(.revsh_text), (4 bytes).
    Removing ble_ana.o(.rev16_text), (4 bytes).
    Removing ble_ana.o(.revsh_text), (4 bytes).
    Removing ble_ana.o(.text), (972 bytes).
    Removing ble_ana.o(.bss), (36 bytes).
    Removing ble_ana.o(.constdata), (16 bytes).
    Removing ble_ana.o(.data), (7 bytes).
    Removing ble_conf.o(.rev16_text), (4 bytes).
    Removing ble_conf.o(.revsh_text), (4 bytes).
    Removing ble_spi.o(.rev16_text), (4 bytes).
    Removing ble_spi.o(.revsh_text), (4 bytes).
    Removing ble_error_log.o(.rev16_text), (4 bytes).
    Removing ble_error_log.o(.revsh_text), (4 bytes).
    Removing ble_error_log.o(.text), (440 bytes).
    Removing ble_error_log.o(.bss), (392 bytes).
    Removing ble_error_log.o(.data), (1 bytes).
    Removing ble_flash.o(.rev16_text), (4 bytes).
    Removing ble_flash.o(.revsh_text), (4 bytes).
    Removing ble_flash.o(.text), (580 bytes).
    Removing ble_flash.o(.data), (1 bytes).
    Removing ble_advdata.o(.rev16_text), (4 bytes).
    Removing ble_advdata.o(.revsh_text), (4 bytes).
    Removing app_scheduler.o(.rev16_text), (4 bytes).
    Removing app_scheduler.o(.revsh_text), (4 bytes).
    Removing app_timer.o(.rev16_text), (4 bytes).
    Removing app_timer.o(.revsh_text), (4 bytes).
    Removing ble_conn_params.o(.rev16_text), (4 bytes).
    Removing ble_conn_params.o(.revsh_text), (4 bytes).
    Removing ble_stack_handler.o(.rev16_text), (4 bytes).
    Removing ble_stack_handler.o(.revsh_text), (4 bytes).
    Removing ble_debug_assert_handler.o(.rev16_text), (4 bytes).
    Removing ble_debug_assert_handler.o(.revsh_text), (4 bytes).
    Removing ble_debug_assert_handler.o(.text), (68 bytes).
    Removing ble_debug_assert_handler.o(.bss), (128 bytes).
    Removing ble_debug_assert_handler.o(.data), (8 bytes).
    Removing simple_uart.o(.rev16_text), (4 bytes).
    Removing simple_uart.o(.revsh_text), (4 bytes).
    Removing twi_sw_master.o(.rev16_text), (4 bytes).
    Removing twi_sw_master.o(.revsh_text), (4 bytes).
    Removing spi_master.o(.rev16_text), (4 bytes).
    Removing spi_master.o(.revsh_text), (4 bytes).
    Removing spi_master.o(.emb_text), (30 bytes).

54 unused section(s) (total 2979 bytes) removed from the image.

==============================================================================

Image Symbol Table

    Local Symbols

    Symbol Name                              Value     Ov Type        Size  Object(Section)

    ../clib/angel/boardlib.s                 0x00000000   Number         0  boardinit2.o ABSOLUTE
    ../clib/angel/boardlib.s                 0x00000000   Number         0  boardinit3.o ABSOLUTE
    ../clib/angel/boardlib.s                 0x00000000   Number         0  boardshut.o ABSOLUTE
    ../clib/angel/boardlib.s                 0x00000000   Number         0  boardinit1.o ABSOLUTE
    ../clib/angel/handlers.s                 0x00000000   Number         0  __scatter_zi.o ABSOLUTE
    ../clib/angel/handlers.s                 0x00000000   Number         0  __scatter_copy.o ABSOLUTE
    ../clib/angel/kernel.s                   0x00000000   Number         0  rtentry2.o ABSOLUTE
    ../clib/angel/kernel.s                   0x00000000   Number         0  rtentry4.o ABSOLUTE
    ../clib/angel/kernel.s                   0x00000000   Number         0  rtexit2.o ABSOLUTE
    ../clib/angel/kernel.s                   0x00000000   Number         0  rtentry.o ABSOLUTE
    ../clib/angel/kernel.s                   0x00000000   Number         0  rtexit.o ABSOLUTE
    ../clib/angel/rt.s                       0x00000000   Number         0  rt_heap_descriptor_intlibspace.o ABSOLUTE
    ../clib/angel/rt.s                       0x00000000   Number         0  aeabi_idiv0.o ABSOLUTE
    ../clib/angel/rt.s                       0x00000000   Number         0  aeabi_idiv0_sigfpe.o ABSOLUTE
    ../clib/angel/rt.s                       0x00000000   Number         0  rt_div0.o ABSOLUTE
    ../clib/angel/rt.s                       0x00000000   Number         0  rt_heap_descriptor.o ABSOLUTE
    ../clib/angel/rt.s                       0x00000000   Number         0  rt_raise.o ABSOLUTE
    ../clib/angel/scatterp.s                 0x00000000   Number         0  __scatter.o ABSOLUTE
    ../clib/angel/startup.s                  0x00000000   Number         0  __main.o ABSOLUTE
    ../clib/angel/sys.s                      0x00000000   Number         0  mutex_dummy.o ABSOLUTE
    ../clib/angel/sys.s                      0x00000000   Number         0  use_no_semi.o ABSOLUTE
    ../clib/angel/sys.s                      0x00000000   Number         0  tempstk.o ABSOLUTE
    ../clib/angel/sys.s                      0x00000000   Number         0  libspace.o ABSOLUTE
    ../clib/angel/sys.s                      0x00000000   Number         0  sys_stackheap_outer.o ABSOLUTE
    ../clib/angel/sys.s                      0x00000000   Number         0  indicate_semi.o ABSOLUTE
    ../clib/angel/sysapp.c                   0x00000000   Number         0  sys_command.o ABSOLUTE
    ../clib/angel/sysapp.c                   0x00000000   Number         0  sys_wrch.o ABSOLUTE
    ../clib/angel/sysapp.c                   0x00000000   Number         0  sys_exit.o ABSOLUTE
    ../clib/armsys.c                         0x00000000   Number         0  _get_argv_nomalloc.o ABSOLUTE
    ../clib/armsys.c                         0x00000000   Number         0  argv_veneer.o ABSOLUTE
    ../clib/armsys.c                         0x00000000   Number         0  no_argv.o ABSOLUTE
    ../clib/armsys.c                         0x00000000   Number         0  _get_argv.o ABSOLUTE
    ../clib/division.s                       0x00000000   Number         0  aeabi_sdiv_div0.o ABSOLUTE
    ../clib/division.s                       0x00000000   Number         0  aeabi_sdiv.o ABSOLUTE
    ../clib/heap1.c                          0x00000000   Number         0  h1_final_mt.o ABSOLUTE
    ../clib/heap1.c                          0x00000000   Number         0  h1_alloc.o ABSOLUTE
    ../clib/heap1.c                          0x00000000   Number         0  h1_free.o ABSOLUTE
    ../clib/heap1.c                          0x00000000   Number         0  h1_alloc_mt.o ABSOLUTE
    ../clib/heap1.c                          0x00000000   Number         0  h1_free_mt.o ABSOLUTE
    ../clib/heap1.c                          0x00000000   Number         0  h1_final.o ABSOLUTE
    ../clib/heap1.c                          0x00000000   Number         0  h1_extend.o ABSOLUTE
    ../clib/heap1.c                          0x00000000   Number         0  h1_extend_mt.o ABSOLUTE
    ../clib/heap1.c                          0x00000000   Number         0  h1_init_mt.o ABSOLUTE
    ../clib/heap1.c                          0x00000000   Number         0  h1_init.o ABSOLUTE
    ../clib/heap2.c                          0x00000000   Number         0  fdtree.o ABSOLUTE
    ../clib/heap2.c                          0x00000000   Number         0  heap2.o ABSOLUTE
    ../clib/heap2.c                          0x00000000   Number         0  heap2mt.o ABSOLUTE
    ../clib/heapalloc.c                      0x00000000   Number         0  malloc.o ABSOLUTE
    ../clib/heapalloc.c                      0x00000000   Number         0  free.o ABSOLUTE
    ../clib/heapalloc.c                      0x00000000   Number         0  term_alloc.o ABSOLUTE
    ../clib/heapalloc.c                      0x00000000   Number         0  maybetermalloc2.o ABSOLUTE
    ../clib/heapalloc.c                      0x00000000   Number         0  maybetermalloc1.o ABSOLUTE
    ../clib/heapalloc.c                      0x00000000   Number         0  maybetermalloc2.o ABSOLUTE
    ../clib/heapalloc.c                      0x00000000   Number         0  maybetermalloc1.o ABSOLUTE
    ../clib/heapalloc.c                      0x00000000   Number         0  hrguard.o ABSOLUTE
    ../clib/heapalloc.c                      0x00000000   Number         0  heapstubs.o ABSOLUTE
    ../clib/heapalloc.c                      0x00000000   Number         0  init_alloc.o ABSOLUTE
    ../clib/heapalloc.c                      0x00000000   Number         0  hguard.o ABSOLUTE
    ../clib/heapaux.c                        0x00000000   Number         0  heapauxi.o ABSOLUTE
    ../clib/heapaux.c                        0x00000000   Number         0  heapauxa.o ABSOLUTE
    ../clib/libinit.s                        0x00000000   Number         0  libshutdown2.o ABSOLUTE
    ../clib/libinit.s                        0x00000000   Number         0  libinit2.o ABSOLUTE
    ../clib/libinit.s                        0x00000000   Number         0  libinit.o ABSOLUTE
    ../clib/libinit.s                        0x00000000   Number         0  libshutdown.o ABSOLUTE
    ../clib/memcpset.c                       0x00000000   Number         0  rt_memcpy.o ABSOLUTE
    ../clib/memcpset.c                       0x00000000   Number         0  rt_memcpy.o ABSOLUTE
    ../clib/memcpset.c                       0x00000000   Number         0  rt_memclr.o ABSOLUTE
    ../clib/signal.c                         0x00000000   Number         0  defsig_rtmem_formal.o ABSOLUTE
    ../clib/signal.c                         0x00000000   Number         0  defsig_general.o ABSOLUTE
    ../clib/signal.c                         0x00000000   Number         0  __raise.o ABSOLUTE
    ../clib/signal.c                         0x00000000   Number         0  defsig_fpe_inner.o ABSOLUTE
    ../clib/signal.c                         0x00000000   Number         0  defsig_rtmem_inner.o ABSOLUTE
    ../clib/signal.c                         0x00000000   Number         0  defsig_fpe_formal.o ABSOLUTE
    ../clib/signal.c                         0x00000000   Number         0  defsig_fpe_outer.o ABSOLUTE
    ../clib/signal.c                         0x00000000   Number         0  defsig_exit.o ABSOLUTE
    ../clib/signal.c                         0x00000000   Number         0  defsig_abrt_inner.o ABSOLUTE
    ../clib/signal.c                         0x00000000   Number         0  defsig_rtred_inner.o ABSOLUTE
    ../clib/signal.c                         0x00000000   Number         0  defsig_stak_inner.o ABSOLUTE
    ../clib/signal.c                         0x00000000   Number         0  defsig_pvfn_inner.o ABSOLUTE
    ../clib/signal.c                         0x00000000   Number         0  defsig_cppl_inner.o ABSOLUTE
    ../clib/signal.c                         0x00000000   Number         0  defsig_segv_inner.o ABSOLUTE
    ../clib/signal.c                         0x00000000   Number         0  defsig_other.o ABSOLUTE
    ../clib/signal.c                         0x00000000   Number         0  defsig_rtmem_outer.o ABSOLUTE
    ../clib/signal.s                         0x00000000   Number         0  defsig.o ABSOLUTE
    ../clib/stdlib.c                         0x00000000   Number         0  exit.o ABSOLUTE
    ../clib/string.c                         0x00000000   Number         0  strlen.o ABSOLUTE
    ../clib/string.c                         0x00000000   Number         0  strncpy.o ABSOLUTE
    ../fplib/cfplib/fpinit.c                 0x00000000   Number         0  fpinit.o ABSOLUTE
    ..\..\..\CustomSDK\Source\ble\ble_services\ble_ana.c 0x00000000   Number         0  ble_ana.o ABSOLUTE
    ..\..\..\CustomSDK\Source\ble\ble_services\ble_conf.c 0x00000000   Number         0  ble_conf.o ABSOLUTE
    ..\..\..\CustomSDK\Source\ble\ble_services\ble_dig.c 0x00000000   Number         0  ble_dig.o ABSOLUTE
    ..\..\..\CustomSDK\Source\ble\ble_services\ble_i2c.c 0x00000000   Number         0  ble_i2c.o ABSOLUTE
    ..\..\..\CustomSDK\Source\ble\ble_services\ble_spi.c 0x00000000   Number         0  ble_spi.o ABSOLUTE
    ..\..\..\CustomSDK\Source\ble\ble_services\ble_uart.c 0x00000000   Number         0  ble_uart.o ABSOLUTE
    ..\..\..\NordicSDK\Source\app_common\app_scheduler.c 0x00000000   Number         0  app_scheduler.o ABSOLUTE
    ..\..\..\NordicSDK\Source\app_common\app_timer.c 0x00000000   Number         0  app_timer.o ABSOLUTE
    ..\..\..\NordicSDK\Source\ble\ble_advdata.c 0x00000000   Number         0  ble_advdata.o ABSOLUTE
    ..\..\..\NordicSDK\Source\ble\ble_conn_params.c 0x00000000   Number         0  ble_conn_params.o ABSOLUTE
    ..\..\..\NordicSDK\Source\ble\ble_debug_assert_handler.c 0x00000000   Number         0  ble_debug_assert_handler.o ABSOLUTE
    ..\..\..\NordicSDK\Source\ble\ble_error_log.c 0x00000000   Number         0  ble_error_log.o ABSOLUTE
    ..\..\..\NordicSDK\Source\ble\ble_flash.c 0x00000000   Number         0  ble_flash.o ABSOLUTE
    ..\..\..\NordicSDK\Source\ble\ble_services\ble_srv_common.c 0x00000000   Number         0  ble_srv_common.o ABSOLUTE
    ..\..\..\NordicSDK\Source\ble\ble_stack_handler.c 0x00000000   Number         0  ble_stack_handler.o ABSOLUTE
    ..\..\..\NordicSDK\Source\simple_uart\simple_uart.c 0x00000000   Number         0  simple_uart.o ABSOLUTE
    ..\..\..\NordicSDK\Source\spi_master\spi_master.c 0x00000000   Number         0  spi_master.o ABSOLUTE
    ..\..\..\NordicSDK\Source\templates\arm\arm_startup_nrf51.s 0x00000000   Number         0  arm_startup_nrf51.o ABSOLUTE
    ..\..\..\NordicSDK\Source\templates\system_nrf51.c 0x00000000   Number         0  system_nrf51.o ABSOLUTE
    ..\..\..\NordicSDK\Source\twi_master\twi_sw_master.c 0x00000000   Number         0  twi_sw_master.o ABSOLUTE
    ..\\..\\..\\CustomSDK\\Source\\ble\\ble_services\\ble_ana.c 0x00000000   Number         0  ble_ana.o ABSOLUTE
    ..\\..\\..\\CustomSDK\\Source\\ble\\ble_services\\ble_conf.c 0x00000000   Number         0  ble_conf.o ABSOLUTE
    ..\\..\\..\\CustomSDK\\Source\\ble\\ble_services\\ble_dig.c 0x00000000   Number         0  ble_dig.o ABSOLUTE
    ..\\..\\..\\CustomSDK\\Source\\ble\\ble_services\\ble_i2c.c 0x00000000   Number         0  ble_i2c.o ABSOLUTE
    ..\\..\\..\\CustomSDK\\Source\\ble\\ble_services\\ble_spi.c 0x00000000   Number         0  ble_spi.o ABSOLUTE
    ..\\..\\..\\CustomSDK\\Source\\ble\\ble_services\\ble_uart.c 0x00000000   Number         0  ble_uart.o ABSOLUTE
    ..\\..\\..\\NordicSDK\\Source\\app_common\\app_scheduler.c 0x00000000   Number         0  app_scheduler.o ABSOLUTE
    ..\\..\\..\\NordicSDK\\Source\\app_common\\app_timer.c 0x00000000   Number         0  app_timer.o ABSOLUTE
    ..\\..\\..\\NordicSDK\\Source\\ble\\ble_advdata.c 0x00000000   Number         0  ble_advdata.o ABSOLUTE
    ..\\..\\..\\NordicSDK\\Source\\ble\\ble_conn_params.c 0x00000000   Number         0  ble_conn_params.o ABSOLUTE
    ..\\..\\..\\NordicSDK\\Source\\ble\\ble_debug_assert_handler.c 0x00000000   Number         0  ble_debug_assert_handler.o ABSOLUTE
    ..\\..\\..\\NordicSDK\\Source\\ble\\ble_error_log.c 0x00000000   Number         0  ble_error_log.o ABSOLUTE
    ..\\..\\..\\NordicSDK\\Source\\ble\\ble_flash.c 0x00000000   Number         0  ble_flash.o ABSOLUTE
    ..\\..\\..\\NordicSDK\\Source\\ble\\ble_services\\ble_srv_common.c 0x00000000   Number         0  ble_srv_common.o ABSOLUTE
    ..\\..\\..\\NordicSDK\\Source\\ble\\ble_stack_handler.c 0x00000000   Number         0  ble_stack_handler.o ABSOLUTE
    ..\\..\\..\\NordicSDK\\Source\\simple_uart\\simple_uart.c 0x00000000   Number         0  simple_uart.o ABSOLUTE
    ..\\..\\..\\NordicSDK\\Source\\spi_master\\spi_master.c 0x00000000   Number         0  spi_master.o ABSOLUTE
    ..\\..\\..\\NordicSDK\\Source\\templates\\system_nrf51.c 0x00000000   Number         0  system_nrf51.o ABSOLUTE
    ..\\..\\..\\NordicSDK\\Source\\twi_master\\twi_sw_master.c 0x00000000   Number         0  twi_sw_master.o ABSOLUTE
    ..\\main.c                               0x00000000   Number         0  main.o ABSOLUTE
    ..\main.c                                0x00000000   Number         0  main.o ABSOLUTE
    dc.s                                     0x00000000   Number         0  dc.o ABSOLUTE
    RESET                                    0x00014000   Section      192  arm_startup_nrf51.o(RESET)
    !!!main                                  0x000140c0   Section        8  __main.o(!!!main)
    !!!scatter                               0x000140c8   Section       60  __scatter.o(!!!scatter)
    !!handler_copy                           0x00014104   Section       26  __scatter_copy.o(!!handler_copy)
    !!handler_zi                             0x00014120   Section       28  __scatter_zi.o(!!handler_zi)
    .ARM.Collect$$libinit$$00000000          0x0001413c   Section        2  libinit.o(.ARM.Collect$$libinit$$00000000)
    .ARM.Collect$$libinit$$00000001          0x0001413e   Section        4  libinit2.o(.ARM.Collect$$libinit$$00000001)
    .ARM.Collect$$libinit$$00000003          0x00014142   Section        8  libinit2.o(.ARM.Collect$$libinit$$00000003)
    .ARM.Collect$$libinit$$00000008          0x0001414a   Section        0  libinit2.o(.ARM.Collect$$libinit$$00000008)
    .ARM.Collect$$libinit$$0000000A          0x0001414a   Section        0  libinit2.o(.ARM.Collect$$libinit$$0000000A)
    .ARM.Collect$$libinit$$0000000C          0x0001414a   Section        0  libinit2.o(.ARM.Collect$$libinit$$0000000C)
    .ARM.Collect$$libinit$$0000000F          0x0001414a   Section        0  libinit2.o(.ARM.Collect$$libinit$$0000000F)
    .ARM.Collect$$libinit$$00000011          0x0001414a   Section        0  libinit2.o(.ARM.Collect$$libinit$$00000011)
    .ARM.Collect$$libinit$$00000013          0x0001414a   Section        0  libinit2.o(.ARM.Collect$$libinit$$00000013)
    .ARM.Collect$$libinit$$00000015          0x0001414a   Section        0  libinit2.o(.ARM.Collect$$libinit$$00000015)
    .ARM.Collect$$libinit$$00000017          0x0001414a   Section        0  libinit2.o(.ARM.Collect$$libinit$$00000017)
    .ARM.Collect$$libinit$$00000019          0x0001414a   Section        0  libinit2.o(.ARM.Collect$$libinit$$00000019)
    .ARM.Collect$$libinit$$0000001B          0x0001414a   Section        0  libinit2.o(.ARM.Collect$$libinit$$0000001B)
    .ARM.Collect$$libinit$$0000001D          0x0001414a   Section        0  libinit2.o(.ARM.Collect$$libinit$$0000001D)
    .ARM.Collect$$libinit$$0000001F          0x0001414a   Section        0  libinit2.o(.ARM.Collect$$libinit$$0000001F)
    .ARM.Collect$$libinit$$00000021          0x0001414a   Section        0  libinit2.o(.ARM.Collect$$libinit$$00000021)
    .ARM.Collect$$libinit$$00000023          0x0001414a   Section        0  libinit2.o(.ARM.Collect$$libinit$$00000023)
    .ARM.Collect$$libinit$$0000002A          0x0001414a   Section        0  libinit2.o(.ARM.Collect$$libinit$$0000002A)
    .ARM.Collect$$libinit$$0000002C          0x0001414a   Section        0  libinit2.o(.ARM.Collect$$libinit$$0000002C)
    .ARM.Collect$$libinit$$0000002E          0x0001414a   Section        0  libinit2.o(.ARM.Collect$$libinit$$0000002E)
    .ARM.Collect$$libinit$$00000030          0x0001414a   Section        0  libinit2.o(.ARM.Collect$$libinit$$00000030)
    .ARM.Collect$$libinit$$00000031          0x0001414a   Section        2  libinit2.o(.ARM.Collect$$libinit$$00000031)
    .ARM.Collect$$libshutdown$$00000000      0x0001414c   Section        2  libshutdown.o(.ARM.Collect$$libshutdown$$00000000)
    .ARM.Collect$$libshutdown$$00000003      0x0001414e   Section        0  libshutdown2.o(.ARM.Collect$$libshutdown$$00000003)
    .ARM.Collect$$libshutdown$$00000006      0x0001414e   Section        0  libshutdown2.o(.ARM.Collect$$libshutdown$$00000006)
    .ARM.Collect$$libshutdown$$00000009      0x0001414e   Section        0  libshutdown2.o(.ARM.Collect$$libshutdown$$00000009)
    .ARM.Collect$$libshutdown$$0000000B      0x0001414e   Section        0  libshutdown2.o(.ARM.Collect$$libshutdown$$0000000B)
    .ARM.Collect$$libshutdown$$0000000E      0x0001414e   Section        0  libshutdown2.o(.ARM.Collect$$libshutdown$$0000000E)
    .ARM.Collect$$libshutdown$$0000000F      0x0001414e   Section        2  libshutdown2.o(.ARM.Collect$$libshutdown$$0000000F)
    .ARM.Collect$$rtentry$$00000000          0x00014150   Section        0  rtentry.o(.ARM.Collect$$rtentry$$00000000)
    .ARM.Collect$$rtentry$$00000002          0x00014150   Section        0  rtentry2.o(.ARM.Collect$$rtentry$$00000002)
    .ARM.Collect$$rtentry$$00000004          0x00014150   Section        6  rtentry4.o(.ARM.Collect$$rtentry$$00000004)
    .ARM.Collect$$rtentry$$00000009          0x00014156   Section        0  rtentry2.o(.ARM.Collect$$rtentry$$00000009)
    .ARM.Collect$$rtentry$$0000000A          0x00014156   Section        4  rtentry2.o(.ARM.Collect$$rtentry$$0000000A)
    .ARM.Collect$$rtentry$$0000000C          0x0001415a   Section        0  rtentry2.o(.ARM.Collect$$rtentry$$0000000C)
    .ARM.Collect$$rtentry$$0000000D          0x0001415a   Section        8  rtentry2.o(.ARM.Collect$$rtentry$$0000000D)
    .ARM.Collect$$rtexit$$00000000           0x00014162   Section        2  rtexit.o(.ARM.Collect$$rtexit$$00000000)
    .ARM.Collect$$rtexit$$00000002           0x00014164   Section        0  rtexit2.o(.ARM.Collect$$rtexit$$00000002)
    .ARM.Collect$$rtexit$$00000003           0x00014164   Section        4  rtexit2.o(.ARM.Collect$$rtexit$$00000003)
    .ARM.Collect$$rtexit$$00000004           0x00014168   Section        6  rtexit2.o(.ARM.Collect$$rtexit$$00000004)
    .emb_text                                0x00014170   Section       30  app_timer.o(.emb_text)
    .emb_text                                0x00014190   Section       30  simple_uart.o(.emb_text)
    .emb_text                                0x000141b0   Section       30  twi_sw_master.o(.emb_text)
    .emb_text                                0x000141d0   Section       56  rt_memcpy.o(.emb_text)
    .emb_text                                0x00014208   Section        0  maybetermalloc1.o(.emb_text)
    .text                                    0x00014208   Section       72  arm_startup_nrf51.o(.text)
    .text                                    0x00014250   Section        0  system_nrf51.o(.text)
    is_disabled_in_debug_needed              0x00014259   Thumb Code    48  system_nrf51.o(.text)
    is_manual_peripheral_setup_needed        0x00014289   Thumb Code    94  system_nrf51.o(.text)
    .text                                    0x00014328   Section        0  main.o(.text)
    leds_init                                0x0001434d   Thumb Code    56  main.o(.text)
    timers_init                              0x00014385   Thumb Code    48  main.o(.text)
    gap_params_init                          0x000143b5   Thumb Code   118  main.o(.text)
    advertising_init                         0x0001442b   Thumb Code    70  main.o(.text)
    services_init                            0x00014471   Thumb Code   116  main.o(.text)
    sec_params_init                          0x000144e5   Thumb Code    66  main.o(.text)
    on_conn_params_evt                       0x00014527   Thumb Code    46  main.o(.text)
    conn_params_error_handler                0x00014555   Thumb Code    16  main.o(.text)
    conn_params_init                         0x00014565   Thumb Code    82  main.o(.text)
    timers_start                             0x000145b7   Thumb Code     2  main.o(.text)
    advertising_start                        0x000145b9   Thumb Code    74  main.o(.text)
    flash_page_erase                         0x00014603   Thumb Code    54  main.o(.text)
    flash_word_write                         0x00014639   Thumb Code    36  main.o(.text)
    uart_reconfig                            0x00014a5d   Thumb Code   200  main.o(.text)
    on_ble_evt                               0x00014e89   Thumb Code   506  main.o(.text)
    ble_evt_dispatch                         0x00015083   Thumb Code    58  main.o(.text)
    ble_stack_init                           0x000150bd   Thumb Code    50  main.o(.text)
    scheduler_init                           0x000150ef   Thumb Code    42  main.o(.text)
    power_manage                             0x00015119   Thumb Code    32  main.o(.text)
    uart_init                                0x000151ab   Thumb Code    50  main.o(.text)
    i2c_init                                 0x000151dd   Thumb Code     8  main.o(.text)
    gpio_init                                0x000151e5   Thumb Code    42  main.o(.text)
    dig_init                                 0x000152ab   Thumb Code    32  main.o(.text)
    ana_read                                 0x00015321   Thumb Code    56  main.o(.text)
    ana_init                                 0x00015359   Thumb Code    80  main.o(.text)
    configuration_init                       0x000153a9   Thumb Code     2  main.o(.text)
    spi_init                                 0x000153ab   Thumb Code    34  main.o(.text)
    NVIC_EnableIRQ                           0x000154a9   Thumb Code    14  main.o(.text)
    NVIC_DisableIRQ                          0x000154b7   Thumb Code    16  main.o(.text)
    NVIC_SetPriority                         0x000154c7   Thumb Code   110  main.o(.text)
    nrf_gpio_pin_set                         0x00015535   Thumb Code    10  main.o(.text)
    nrf_gpio_pin_clear                       0x0001553f   Thumb Code    10  main.o(.text)
    ble_stack_evt_schedule                   0x00015549   Thumb Code    14  main.o(.text)
    app_timer_evt_schedule                   0x00015557   Thumb Code    22  main.o(.text)
    ble_stack_evt_get                        0x0001556d   Thumb Code    42  main.o(.text)
    app_timer_evt_get                        0x00015597   Thumb Code    48  main.o(.text)
    .text                                    0x00015644   Section        0  ble_uart.o(.text)
    on_connect                               0x00015645   Thumb Code     6  ble_uart.o(.text)
    on_disconnect                            0x0001564b   Thumb Code     8  ble_uart.o(.text)
    on_write                                 0x00015653   Thumb Code    72  ble_uart.o(.text)
    uart_transmit_char_add                   0x000156d5   Thumb Code   400  ble_uart.o(.text)
    uart_receive_char_add                    0x00015865   Thumb Code   434  ble_uart.o(.text)
    uart_config_char_add                     0x00015a17   Thumb Code   366  ble_uart.o(.text)
    .text                                    0x00015d80   Section        0  ble_i2c.o(.text)
    on_connect                               0x00015d81   Thumb Code     6  ble_i2c.o(.text)
    on_disconnect                            0x00015d87   Thumb Code     8  ble_i2c.o(.text)
    on_write                                 0x00015d8f   Thumb Code    72  ble_i2c.o(.text)
    i2c_transmit_char_add                    0x00015e11   Thumb Code   402  ble_i2c.o(.text)
    i2c_receive_char_add                     0x00015fa3   Thumb Code   434  ble_i2c.o(.text)
    i2c_config_char_add                      0x00016155   Thumb Code   356  ble_i2c.o(.text)
    .text                                    0x000164b0   Section        0  ble_dig.o(.text)
    on_connect                               0x00016521   Thumb Code     6  ble_dig.o(.text)
    on_disconnect                            0x00016527   Thumb Code     8  ble_dig.o(.text)
    on_write                                 0x0001652f   Thumb Code    72  ble_dig.o(.text)
    dig_transmit_char_add                    0x000165b1   Thumb Code   326  ble_dig.o(.text)
    dig_receive_char_add                     0x000166f7   Thumb Code   332  ble_dig.o(.text)
    dig_analog_char_add                      0x00016843   Thumb Code   364  ble_dig.o(.text)
    .text                                    0x00016b44   Section        0  ble_conf.o(.text)
    on_connect                               0x00016b45   Thumb Code     6  ble_conf.o(.text)
    on_disconnect                            0x00016b4b   Thumb Code     8  ble_conf.o(.text)
    on_write                                 0x00016b53   Thumb Code    72  ble_conf.o(.text)
    conf_enter_passcode_char_add             0x00016bd5   Thumb Code   318  ble_conf.o(.text)
    conf_set_passcode_char_add               0x00016d13   Thumb Code   324  ble_conf.o(.text)
    conf_device_name_char_add                0x00016e57   Thumb Code   368  ble_conf.o(.text)
    .text                                    0x000171b4   Section        0  ble_spi.o(.text)
    on_connect                               0x000171b5   Thumb Code     6  ble_spi.o(.text)
    on_disconnect                            0x000171bb   Thumb Code     8  ble_spi.o(.text)
    on_write                                 0x000171c3   Thumb Code    72  ble_spi.o(.text)
    spi_transmit_char_add                    0x00017245   Thumb Code   402  ble_spi.o(.text)
    spi_receive_char_add                     0x000173d7   Thumb Code   434  ble_spi.o(.text)
    spi_config_char_add                      0x00017589   Thumb Code   364  ble_spi.o(.text)
    .text                                    0x000178f0   Section        0  ble_advdata.o(.text)
    name_encode                              0x000178f1   Thumb Code   106  ble_advdata.o(.text)
    appearance_encode                        0x0001795b   Thumb Code    74  ble_advdata.o(.text)
    uint8_array_encode                       0x000179a5   Thumb Code    82  ble_advdata.o(.text)
    tx_power_level_encode                    0x000179f7   Thumb Code    48  ble_advdata.o(.text)
    uuid_list_sized_encode                   0x00017a27   Thumb Code   196  ble_advdata.o(.text)
    uuid_list_encode                         0x00017aeb   Thumb Code    64  ble_advdata.o(.text)
    conn_int_check                           0x00017b2b   Thumb Code    88  ble_advdata.o(.text)
    conn_int_encode                          0x00017b83   Thumb Code    92  ble_advdata.o(.text)
    manuf_specific_data_encode               0x00017bdf   Thumb Code   106  ble_advdata.o(.text)
    service_data_encode                      0x00017c49   Thumb Code   140  ble_advdata.o(.text)
    adv_data_encode                          0x00017cd5   Thumb Code   304  ble_advdata.o(.text)
    advdata_check                            0x00017e05   Thumb Code    32  ble_advdata.o(.text)
    srdata_check                             0x00017e25   Thumb Code    16  ble_advdata.o(.text)
    uint16_encode                            0x00017eaf   Thumb Code    18  ble_advdata.o(.text)
    .text                                    0x00017ec4   Section        0  app_scheduler.o(.text)
    app_sched_event_get                      0x00018041   Thumb Code    84  app_scheduler.o(.text)
    next_index                               0x000180b3   Thumb Code    20  app_scheduler.o(.text)
    .text                                    0x00018124   Section        0  app_timer.o(.text)
    NVIC_SetPriority                         0x00018125   Thumb Code   110  app_timer.o(.text)
    rtc1_init                                0x00018193   Thumb Code    18  app_timer.o(.text)
    rtc1_start                               0x000181a5   Thumb Code    42  app_timer.o(.text)
    rtc1_stop                                0x000181cf   Thumb Code    44  app_timer.o(.text)
    timer_list_insert                        0x000181fb   Thumb Code   206  app_timer.o(.text)
    timer_list_remove                        0x000182c9   Thumb Code   150  app_timer.o(.text)
    timer_timeouts_check_sched               0x0001835f   Thumb Code    10  app_timer.o(.text)
    timer_list_handler_sched                 0x00018369   Thumb Code    10  app_timer.o(.text)
    timeout_handler_exec                     0x00018373   Thumb Code    60  app_timer.o(.text)
    timer_timeouts_check                     0x000183af   Thumb Code   128  app_timer.o(.text)
    elapsed_ticks_acquire                    0x0001842f   Thumb Code    82  app_timer.o(.text)
    list_deletions_handler                   0x00018481   Thumb Code   284  app_timer.o(.text)
    expired_timers_handler                   0x0001859d   Thumb Code    98  app_timer.o(.text)
    list_insertions_handler                  0x000185ff   Thumb Code   260  app_timer.o(.text)
    compare_reg_update                       0x00018703   Thumb Code   124  app_timer.o(.text)
    timer_list_handler                       0x0001877f   Thumb Code    70  app_timer.o(.text)
    user_op_enque                            0x000187c5   Thumb Code     4  app_timer.o(.text)
    user_op_alloc                            0x000187c9   Thumb Code    44  app_timer.o(.text)
    timer_start_op_schedule                  0x000187f5   Thumb Code    80  app_timer.o(.text)
    timer_stop_op_schedule                   0x00018845   Thumb Code    58  app_timer.o(.text)
    timer_stop_all_op_schedule               0x0001887f   Thumb Code    58  app_timer.o(.text)
    user_id_get                              0x00018a4d   Thumb Code   108  app_timer.o(.text)
    NVIC_EnableIRQ                           0x00018b95   Thumb Code    14  app_timer.o(.text)
    NVIC_SetPendingIRQ                       0x00018ba3   Thumb Code    14  app_timer.o(.text)
    NVIC_ClearPendingIRQ                     0x00018bb1   Thumb Code    16  app_timer.o(.text)
    rtc1_counter_get                         0x00018bc1   Thumb Code     6  app_timer.o(.text)
    ticks_diff_get                           0x00018bc7   Thumb Code    10  app_timer.o(.text)
    .text                                    0x00018bec   Section        0  ble_conn_params.o(.text)
    is_conn_params_ok                        0x00018bed   Thumb Code    30  ble_conn_params.o(.text)
    update_timeout_handler                   0x00018c0b   Thumb Code   136  ble_conn_params.o(.text)
    conn_params_negotiation                  0x00018cf9   Thumb Code   126  ble_conn_params.o(.text)
    on_connect                               0x00018d77   Thumb Code    42  ble_conn_params.o(.text)
    on_disconnect                            0x00018da1   Thumb Code    50  ble_conn_params.o(.text)
    on_write                                 0x00018dd3   Thumb Code    84  ble_conn_params.o(.text)
    on_conn_params_update                    0x00018e27   Thumb Code    20  ble_conn_params.o(.text)
    .text                                    0x00018ef4   Section        0  ble_stack_handler.o(.text)
    softdevice_assertion_handler             0x00018ef5   Thumb Code    18  ble_stack_handler.o(.text)
    .text                                    0x00019010   Section        0  simple_uart.o(.text)
    nrf_gpio_cfg_output                      0x00019121   Thumb Code    18  simple_uart.o(.text)
    nrf_gpio_cfg_input                       0x00019133   Thumb Code    20  simple_uart.o(.text)
    .text                                    0x00019154   Section        0  twi_sw_master.o(.text)
    twi_master_clear_bus                     0x00019155   Thumb Code   134  twi_sw_master.o(.text)
    twi_master_wait_while_scl_low            0x00019221   Thumb Code    36  twi_sw_master.o(.text)
    twi_master_issue_stopcondition           0x00019245   Thumb Code    52  twi_sw_master.o(.text)
    twi_master_clock_byte                    0x00019279   Thumb Code   174  twi_sw_master.o(.text)
    twi_master_clock_byte_in                 0x00019327   Thumb Code   154  twi_sw_master.o(.text)
    twi_master_issue_startcondition          0x000193c1   Thumb Code    70  twi_sw_master.o(.text)
    .text                                    0x0001948c   Section        0  spi_master.o(.text)
    nrf_gpio_cfg_output                      0x00019609   Thumb Code    18  spi_master.o(.text)
    nrf_gpio_cfg_input                       0x0001961b   Thumb Code    20  spi_master.o(.text)
    nrf_gpio_pin_set                         0x0001962f   Thumb Code    10  spi_master.o(.text)
    .text                                    0x00019644   Section        0  h1_alloc.o(.text)
    .text                                    0x000196a6   Section        0  h1_free.o(.text)
    .text                                    0x000196f2   Section        0  rt_memcpy.o(.text)
    .text                                    0x00019774   Section        0  rt_memclr.o(.text)
    .text                                    0x000197b4   Section      346  aeabi_sdiv.o(.text)
    .text                                    0x0001990e   Section        0  heapauxi.o(.text)
    .text                                    0x00019914   Section        8  rt_heap_descriptor_intlibspace.o(.text)
    .text                                    0x0001991c   Section        0  hguard.o(.text)
    .text                                    0x00019920   Section        0  init_alloc.o(.text)
    .text                                    0x000199a8   Section        0  h1_init.o(.text)
    .text                                    0x000199b8   Section        8  libspace.o(.text)
    .text                                    0x000199c0   Section        0  h1_extend.o(.text)
    .text                                    0x000199f4   Section        0  defsig_rtmem_outer.o(.text)
    .text                                    0x00019a00   Section        2  use_no_semi.o(.text)
    .text                                    0x00019a02   Section        0  indicate_semi.o(.text)
    .text                                    0x00019a02   Section       62  sys_stackheap_outer.o(.text)
    .text                                    0x00019a40   Section        0  exit.o(.text)
    .text                                    0x00019a4c   Section        0  defsig_exit.o(.text)
    .text                                    0x00019a58   Section        0  defsig_rtmem_inner.o(.text)
    .text                                    0x00019aa8   Section        0  sys_exit.o(.text)
    .text                                    0x00019ab4   Section        0  defsig_general.o(.text)
    .text                                    0x00019ae8   Section        0  sys_wrch.o(.text)
    i.__ARM_common_switch8                   0x00019af4   Section        0  main.o(i.__ARM_common_switch8)
    .constdata                               0x00019b10   Section       16  ble_uart.o(.constdata)
    m_base_uuid128                           0x00019b10   Data          16  ble_uart.o(.constdata)
    .constdata                               0x00019b20   Section       16  ble_i2c.o(.constdata)
    m_base_uuid128                           0x00019b20   Data          16  ble_i2c.o(.constdata)
    .constdata                               0x00019b30   Section       16  ble_dig.o(.constdata)
    m_base_uuid128                           0x00019b30   Data          16  ble_dig.o(.constdata)
    .constdata                               0x00019b40   Section       16  ble_conf.o(.constdata)
    m_base_uuid128                           0x00019b40   Data          16  ble_conf.o(.constdata)
    .constdata                               0x00019b50   Section       16  ble_spi.o(.constdata)
    m_base_uuid128                           0x00019b50   Data          16  ble_spi.o(.constdata)
    .data                                    0x20002000   Section        4  system_nrf51.o(.data)
    __tagsym$$used                           0x20002000   Number         0  system_nrf51.o(.data)
    .data                                    0x20002004   Section       16  main.o(.data)
    m_conn_handle                            0x20002004   Data           2  main.o(.data)
    m_sec_params                             0x20002008   Data           6  main.o(.data)
    analog_timer                             0x20002010   Data           4  main.o(.data)
    .data                                    0x20002014   Section       15  ble_uart.o(.data)
    len_transmit_packet                      0x2000201c   Data           2  ble_uart.o(.data)
    len_receive_packet                       0x2000201e   Data           2  ble_uart.o(.data)
    len_config_packet                        0x20002020   Data           2  ble_uart.o(.data)
    initial_conf_state                       0x20002022   Data           1  ble_uart.o(.data)
    .data                                    0x20002024   Section        9  ble_i2c.o(.data)
    len_i2c_transmit_packet                  0x20002026   Data           2  ble_i2c.o(.data)
    len_i2c_receive_packet                   0x20002028   Data           2  ble_i2c.o(.data)
    len_i2c_config_packet                    0x2000202a   Data           2  ble_i2c.o(.data)
    initial_conf_state                       0x2000202c   Data           1  ble_i2c.o(.data)
    .data                                    0x2000202e   Section        8  ble_dig.o(.data)
    len_dig_transmit_packet                  0x2000202e   Data           2  ble_dig.o(.data)
    len_dig_receive_packet                   0x20002030   Data           2  ble_dig.o(.data)
    len_dig_config_packet                    0x20002032   Data           2  ble_dig.o(.data)
    initial_rec_state                        0x20002034   Data           1  ble_dig.o(.data)
    initial_conf_state                       0x20002035   Data           1  ble_dig.o(.data)
    .data                                    0x20002036   Section       28  ble_conf.o(.data)
    len_enter_passcode_packet                0x2000204c   Data           2  ble_conf.o(.data)
    len_set_passcode_packet                  0x2000204e   Data           2  ble_conf.o(.data)
    len_device_name_packet                   0x20002050   Data           2  ble_conf.o(.data)
    .data                                    0x20002054   Section       17  ble_spi.o(.data)
    len_spi_transmit_packet                  0x20002054   Data           2  ble_spi.o(.data)
    len_spi_receive_packet                   0x20002056   Data           2  ble_spi.o(.data)
    len_spi_config_packet                    0x20002058   Data           2  ble_spi.o(.data)
    initial_conf_state                       0x2000205a   Data           1  ble_spi.o(.data)
    .data                                    0x20002068   Section       14  app_scheduler.o(.data)
    m_queue_event_headers                    0x20002068   Data           4  app_scheduler.o(.data)
    m_queue_event_data                       0x2000206c   Data           4  app_scheduler.o(.data)
    m_queue_start_index                      0x20002070   Data           1  app_scheduler.o(.data)
    m_queue_end_index                        0x20002071   Data           1  app_scheduler.o(.data)
    m_queue_event_size                       0x20002072   Data           2  app_scheduler.o(.data)
    m_queue_size                             0x20002074   Data           2  app_scheduler.o(.data)
    .data                                    0x20002078   Section       36  app_timer.o(.data)
    mp_nodes                                 0x20002078   Data           4  app_timer.o(.data)
    m_node_array_size                        0x2000207c   Data           1  app_timer.o(.data)
    m_user_array_size                        0x2000207d   Data           1  app_timer.o(.data)
    mp_users                                 0x20002080   Data           4  app_timer.o(.data)
    m_timer_id_head                          0x20002084   Data           4  app_timer.o(.data)
    m_ticks_latest                           0x20002088   Data           4  app_timer.o(.data)
    m_ticks_elapsed                          0x2000208c   Data           8  app_timer.o(.data)
    m_ticks_elapsed_q_read_ind               0x20002094   Data           1  app_timer.o(.data)
    m_ticks_elapsed_q_write_ind              0x20002095   Data           1  app_timer.o(.data)
    m_evt_schedule_func                      0x20002098   Data           4  app_timer.o(.data)
    .data                                    0x2000209c   Section       28  ble_conn_params.o(.data)
    m_change_param                           0x2000209c   Data           1  ble_conn_params.o(.data)
    m_preferred_conn_params                  0x2000209e   Data           8  ble_conn_params.o(.data)
    m_update_count                           0x200020a6   Data           1  ble_conn_params.o(.data)
    m_conn_handle                            0x200020a8   Data           2  ble_conn_params.o(.data)
    m_current_conn_params                    0x200020aa   Data           8  ble_conn_params.o(.data)
    m_conn_params_timer_id                   0x200020b4   Data           4  ble_conn_params.o(.data)
    .data                                    0x200020b8   Section       14  ble_stack_handler.o(.data)
    m_evt_handler                            0x200020b8   Data           4  ble_stack_handler.o(.data)
    m_evt_schedule_func                      0x200020bc   Data           4  ble_stack_handler.o(.data)
    m_evt_buffer                             0x200020c0   Data           4  ble_stack_handler.o(.data)
    m_evt_buffer_size                        0x200020c4   Data           2  ble_stack_handler.o(.data)
    .bss                                     0x200020c8   Section      996  main.o(.bss)
    APP_TIMER_BUF                            0x200020c8   Data         688  main.o(.bss)
    m_auth_status                            0x20002378   Data          50  main.o(.bss)
    EVT_BUFFER                               0x200023ac   Data          80  main.o(.bss)
    APP_SCHED_BUF                            0x200023fc   Data         176  main.o(.bss)
    .bss                                     0x200024ac   Section      116  ble_uart.o(.bss)
    initial_trans_state                      0x200024ac   Data          20  ble_uart.o(.bss)
    initial_rec_state                        0x200024c0   Data          20  ble_uart.o(.bss)
    .bss                                     0x20002520   Section      116  ble_i2c.o(.bss)
    initial_trans_state                      0x20002520   Data          20  ble_i2c.o(.bss)
    initial_rec_state                        0x20002534   Data          20  ble_i2c.o(.bss)
    .bss                                     0x20002594   Section       56  ble_dig.o(.bss)
    initial_trans_state                      0x20002594   Data          20  ble_dig.o(.bss)
    .bss                                     0x200025cc   Section      176  ble_conf.o(.bss)
    initial_ent_pass_state                   0x200025e0   Data          20  ble_conf.o(.bss)
    initial_set_pass_state                   0x200025f4   Data          20  ble_conf.o(.bss)
    initial_dev_name_state                   0x20002608   Data          20  ble_conf.o(.bss)
    .bss                                     0x2000267c   Section      116  ble_spi.o(.bss)
    initial_trans_state                      0x2000267c   Data          20  ble_spi.o(.bss)
    initial_rec_state                        0x20002690   Data          20  ble_spi.o(.bss)
    .bss                                     0x200026f0   Section       28  ble_conn_params.o(.bss)
    m_conn_params_config                     0x200026f0   Data          28  ble_conn_params.o(.bss)
    .bss                                     0x2000270c   Section       96  libspace.o(.bss)
    HEAP                                     0x20002770   Section     2048  arm_startup_nrf51.o(HEAP)
    Heap_Mem                                 0x20002770   Data        2048  arm_startup_nrf51.o(HEAP)
    STACK                                    0x20002f70   Section     2048  arm_startup_nrf51.o(STACK)
    Stack_Mem                                0x20002f70   Data        2048  arm_startup_nrf51.o(STACK)
    __initial_sp                             0x20003770   Data           0  arm_startup_nrf51.o(STACK)

    Global Symbols

    Symbol Name                              Value     Ov Type        Size  Object(Section)

    BuildAttributes$$THM_ISAv3M$S$PE$A:L22$X:L11$S22$IEEE1$IW$USESV6$~STKCKD$USESV7$ENUMINT$~SHL$OTIME$ROPI$EBA8$UX$STANDARDLIB$REQ8$PRES8$EABIv2 0x00000000   Number         0  anon$$obj.o ABSOLUTE
    __ARM_use_no_argv                        0x00000000   Number         0  main.o ABSOLUTE
    __ARM_exceptions_init                     - Undefined Weak Reference
    __alloca_initialize                       - Undefined Weak Reference
    __cpp_initialize__aeabi_                  - Undefined Weak Reference
    __cxa_finalize                            - Undefined Weak Reference
    __rt_locale                               - Undefined Weak Reference
    __sigvec_lookup                           - Undefined Weak Reference
    __user_heap_extent                        - Undefined Weak Reference
    _atexit_init                              - Undefined Weak Reference
    _call_atexit_fns                          - Undefined Weak Reference
    _clock_init                               - Undefined Weak Reference
    _fp_trap_init                             - Undefined Weak Reference
    _fp_trap_shutdown                         - Undefined Weak Reference
    _get_lc_collate                           - Undefined Weak Reference
    _get_lc_ctype                             - Undefined Weak Reference
    _get_lc_monetary                          - Undefined Weak Reference
    _get_lc_numeric                           - Undefined Weak Reference
    _get_lc_time                              - Undefined Weak Reference
    _getenv_init                              - Undefined Weak Reference
    _handle_redirection                       - Undefined Weak Reference
    _initio                                   - Undefined Weak Reference
    _mutex_acquire                            - Undefined Weak Reference
    _mutex_free                               - Undefined Weak Reference
    _mutex_release                            - Undefined Weak Reference
    _rand_init                                - Undefined Weak Reference
    _signal_finish                            - Undefined Weak Reference
    _signal_init                              - Undefined Weak Reference
    _terminateio                              - Undefined Weak Reference
    __Vectors_Size                           0x000000c0   Number         0  arm_startup_nrf51.o ABSOLUTE
    __Vectors                                0x00014000   Data           4  arm_startup_nrf51.o(RESET)
    __Vectors_End                            0x000140c0   Data           0  arm_startup_nrf51.o(RESET)
    __main                                   0x000140c1   Thumb Code     8  __main.o(!!!main)
    __scatterload                            0x000140c9   Thumb Code     0  __scatter.o(!!!scatter)
    __scatterload_rt2                        0x000140c9   Thumb Code    52  __scatter.o(!!!scatter)
    __scatterload_rt2_thumb_only             0x000140c9   Thumb Code     0  __scatter.o(!!!scatter)
    __scatterload_null                       0x000140d9   Thumb Code     0  __scatter.o(!!!scatter)
    __scatterload_copy                       0x00014105   Thumb Code    26  __scatter_copy.o(!!handler_copy)
    __scatterload_zeroinit                   0x00014121   Thumb Code    28  __scatter_zi.o(!!handler_zi)
    __rt_lib_init                            0x0001413d   Thumb Code     0  libinit.o(.ARM.Collect$$libinit$$00000000)
    __rt_lib_init_fp_1                       0x0001413f   Thumb Code     0  libinit2.o(.ARM.Collect$$libinit$$00000001)
    __rt_lib_init_heap_2                     0x00014143   Thumb Code     0  libinit2.o(.ARM.Collect$$libinit$$00000003)
    __rt_lib_init_alloca_1                   0x0001414b   Thumb Code     0  libinit2.o(.ARM.Collect$$libinit$$0000002C)
    __rt_lib_init_argv_1                     0x0001414b   Thumb Code     0  libinit2.o(.ARM.Collect$$libinit$$0000002A)
    __rt_lib_init_atexit_1                   0x0001414b   Thumb Code     0  libinit2.o(.ARM.Collect$$libinit$$00000019)
    __rt_lib_init_clock_1                    0x0001414b   Thumb Code     0  libinit2.o(.ARM.Collect$$libinit$$0000001F)
    __rt_lib_init_cpp_1                      0x0001414b   Thumb Code     0  libinit2.o(.ARM.Collect$$libinit$$00000030)
    __rt_lib_init_exceptions_1               0x0001414b   Thumb Code     0  libinit2.o(.ARM.Collect$$libinit$$0000002E)
    __rt_lib_init_fp_trap_1                  0x0001414b   Thumb Code     0  libinit2.o(.ARM.Collect$$libinit$$0000001D)
    __rt_lib_init_getenv_1                   0x0001414b   Thumb Code     0  libinit2.o(.ARM.Collect$$libinit$$00000021)
    __rt_lib_init_heap_1                     0x0001414b   Thumb Code     0  libinit2.o(.ARM.Collect$$libinit$$00000008)
    __rt_lib_init_lc_collate_1               0x0001414b   Thumb Code     0  libinit2.o(.ARM.Collect$$libinit$$0000000F)
    __rt_lib_init_lc_ctype_1                 0x0001414b   Thumb Code     0  libinit2.o(.ARM.Collect$$libinit$$00000011)
    __rt_lib_init_lc_monetary_1              0x0001414b   Thumb Code     0  libinit2.o(.ARM.Collect$$libinit$$00000013)
    __rt_lib_init_lc_numeric_1               0x0001414b   Thumb Code     0  libinit2.o(.ARM.Collect$$libinit$$00000015)
    __rt_lib_init_lc_time_1                  0x0001414b   Thumb Code     0  libinit2.o(.ARM.Collect$$libinit$$00000017)
    __rt_lib_init_rand_1                     0x0001414b   Thumb Code     0  libinit2.o(.ARM.Collect$$libinit$$0000000C)
    __rt_lib_init_return                     0x0001414b   Thumb Code     0  libinit2.o(.ARM.Collect$$libinit$$00000031)
    __rt_lib_init_signal_1                   0x0001414b   Thumb Code     0  libinit2.o(.ARM.Collect$$libinit$$0000001B)
    __rt_lib_init_stdio_1                    0x0001414b   Thumb Code     0  libinit2.o(.ARM.Collect$$libinit$$00000023)
    __rt_lib_init_user_alloc_1               0x0001414b   Thumb Code     0  libinit2.o(.ARM.Collect$$libinit$$0000000A)
    __rt_lib_shutdown                        0x0001414d   Thumb Code     0  libshutdown.o(.ARM.Collect$$libshutdown$$00000000)
    __rt_lib_shutdown_fp_trap_1              0x0001414f   Thumb Code     0  libshutdown2.o(.ARM.Collect$$libshutdown$$00000006)
    __rt_lib_shutdown_heap_1                 0x0001414f   Thumb Code     0  libshutdown2.o(.ARM.Collect$$libshutdown$$0000000E)
    __rt_lib_shutdown_return                 0x0001414f   Thumb Code     0  libshutdown2.o(.ARM.Collect$$libshutdown$$0000000F)
    __rt_lib_shutdown_signal_1               0x0001414f   Thumb Code     0  libshutdown2.o(.ARM.Collect$$libshutdown$$00000009)
    __rt_lib_shutdown_stdio_1                0x0001414f   Thumb Code     0  libshutdown2.o(.ARM.Collect$$libshutdown$$00000003)
    __rt_lib_shutdown_user_alloc_1           0x0001414f   Thumb Code     0  libshutdown2.o(.ARM.Collect$$libshutdown$$0000000B)
    __rt_entry                               0x00014151   Thumb Code     0  rtentry.o(.ARM.Collect$$rtentry$$00000000)
    __rt_entry_presh_1                       0x00014151   Thumb Code     0  rtentry2.o(.ARM.Collect$$rtentry$$00000002)
    __rt_entry_sh                            0x00014151   Thumb Code     0  rtentry4.o(.ARM.Collect$$rtentry$$00000004)
    __rt_entry_li                            0x00014157   Thumb Code     0  rtentry2.o(.ARM.Collect$$rtentry$$0000000A)
    __rt_entry_postsh_1                      0x00014157   Thumb Code     0  rtentry2.o(.ARM.Collect$$rtentry$$00000009)
    __rt_entry_main                          0x0001415b   Thumb Code     0  rtentry2.o(.ARM.Collect$$rtentry$$0000000D)
    __rt_entry_postli_1                      0x0001415b   Thumb Code     0  rtentry2.o(.ARM.Collect$$rtentry$$0000000C)
    __rt_exit                                0x00014163   Thumb Code     0  rtexit.o(.ARM.Collect$$rtexit$$00000000)
    __rt_exit_ls                             0x00014165   Thumb Code     0  rtexit2.o(.ARM.Collect$$rtexit$$00000003)
    __rt_exit_prels_1                        0x00014165   Thumb Code     0  rtexit2.o(.ARM.Collect$$rtexit$$00000002)
    __rt_exit_exit                           0x00014169   Thumb Code     0  rtexit2.o(.ARM.Collect$$rtexit$$00000004)
    __asm___11_app_timer_c_cd27f9c3__nrf_delay_us 0x00014171   Thumb Code    30  app_timer.o(.emb_text)
    __asm___13_simple_uart_c_5dda6715__nrf_delay_us 0x00014191   Thumb Code    30  simple_uart.o(.emb_text)
    __asm___15_twi_sw_master_c_959ec897__nrf_delay_us 0x000141b1   Thumb Code    30  twi_sw_master.o(.emb_text)
    __aeabi_memcpy4                          0x000141d1   Thumb Code    56  rt_memcpy.o(.emb_text)
    __aeabi_memcpy8                          0x000141d1   Thumb Code     0  rt_memcpy.o(.emb_text)
    Reset_Handler                            0x00014209   Thumb Code    18  arm_startup_nrf51.o(.text)
    _maybe_terminate_alloc                   0x00014209   Thumb Code     0  maybetermalloc1.o(.emb_text)
    NMI_Handler                              0x0001421b   Thumb Code     2  arm_startup_nrf51.o(.text)
    HardFault_Handler                        0x0001421d   Thumb Code     2  arm_startup_nrf51.o(.text)
    SVC_Handler                              0x0001421f   Thumb Code     2  arm_startup_nrf51.o(.text)
    PendSV_Handler                           0x00014221   Thumb Code     2  arm_startup_nrf51.o(.text)
    SysTick_Handler                          0x00014223   Thumb Code     2  arm_startup_nrf51.o(.text)
    CCM_AAR_IRQHandler                       0x00014225   Thumb Code     0  arm_startup_nrf51.o(.text)
    ECB_IRQHandler                           0x00014225   Thumb Code     0  arm_startup_nrf51.o(.text)
    LPCOMP_COMP_IRQHandler                   0x00014225   Thumb Code     0  arm_startup_nrf51.o(.text)
    POWER_CLOCK_IRQHandler                   0x00014225   Thumb Code     0  arm_startup_nrf51.o(.text)
    QDEC_IRQHandler                          0x00014225   Thumb Code     0  arm_startup_nrf51.o(.text)
    RADIO_IRQHandler                         0x00014225   Thumb Code     0  arm_startup_nrf51.o(.text)
    RNG_IRQHandler                           0x00014225   Thumb Code     0  arm_startup_nrf51.o(.text)
    RTC0_IRQHandler                          0x00014225   Thumb Code     0  arm_startup_nrf51.o(.text)
    SPI0_TWI0_IRQHandler                     0x00014225   Thumb Code     0  arm_startup_nrf51.o(.text)
    SPI1_TWI1_IRQHandler                     0x00014225   Thumb Code     0  arm_startup_nrf51.o(.text)
    SWI1_IRQHandler                          0x00014225   Thumb Code     0  arm_startup_nrf51.o(.text)
    SWI3_IRQHandler                          0x00014225   Thumb Code     0  arm_startup_nrf51.o(.text)
    SWI4_IRQHandler                          0x00014225   Thumb Code     0  arm_startup_nrf51.o(.text)
    SWI5_IRQHandler                          0x00014225   Thumb Code     0  arm_startup_nrf51.o(.text)
    TEMP_IRQHandler                          0x00014225   Thumb Code     0  arm_startup_nrf51.o(.text)
    TIMER0_IRQHandler                        0x00014225   Thumb Code     0  arm_startup_nrf51.o(.text)
    TIMER1_IRQHandler                        0x00014225   Thumb Code     0  arm_startup_nrf51.o(.text)
    TIMER2_IRQHandler                        0x00014225   Thumb Code     0  arm_startup_nrf51.o(.text)
    WDT_IRQHandler                           0x00014225   Thumb Code     0  arm_startup_nrf51.o(.text)
    __user_initial_stackheap                 0x00014229   Thumb Code     0  arm_startup_nrf51.o(.text)
    SystemCoreClockUpdate                    0x00014251   Thumb Code     8  system_nrf51.o(.text)
    SystemInit                               0x000142e7   Thumb Code    38  system_nrf51.o(.text)
    app_error_handler                        0x00014329   Thumb Code    22  main.o(.text)
    assert_nrf_callback                      0x0001433f   Thumb Code    14  main.o(.text)
    calculate_page_checksum                  0x0001465d   Thumb Code    28  main.o(.text)
    copy_page                                0x00014679   Thumb Code    30  main.o(.text)
    flash_update                             0x00014697   Thumb Code   408  main.o(.text)
    load_all_defaults                        0x0001482f   Thumb Code   110  main.o(.text)
    flash_init                               0x0001489d   Thumb Code   448  main.o(.text)
    on_write                                 0x00014b25   Thumb Code   868  main.o(.text)
    UART0_IRQHandler                         0x00015139   Thumb Code   114  main.o(.text)
    GPIOTE_IRQHandler                        0x0001520f   Thumb Code   156  main.o(.text)
    ADC_IRQHandler                           0x000152cb   Thumb Code    86  main.o(.text)
    main                                     0x000153cd   Thumb Code   220  main.o(.text)
    ble_uart_on_ble_evt                      0x0001569b   Thumb Code    58  ble_uart.o(.text)
    ble_uart_init                            0x00015b85   Thumb Code   144  ble_uart.o(.text)
    ble_uart_transmit_send                   0x00015c15   Thumb Code    94  ble_uart.o(.text)
    ble_uart_receive_send                    0x00015c73   Thumb Code    94  ble_uart.o(.text)
    ble_uart_config_send                     0x00015cd1   Thumb Code    94  ble_uart.o(.text)
    ble_i2c_on_ble_evt                       0x00015dd7   Thumb Code    58  ble_i2c.o(.text)
    ble_i2c_init                             0x000162b9   Thumb Code   144  ble_i2c.o(.text)
    ble_i2c_transmit_send                    0x00016349   Thumb Code    94  ble_i2c.o(.text)
    ble_i2c_receive_send                     0x000163a7   Thumb Code    94  ble_i2c.o(.text)
    ble_i2c_config_send                      0x00016405   Thumb Code    94  ble_i2c.o(.text)
    ble_dig_receive_send                     0x000164b1   Thumb Code    94  ble_dig.o(.text)
    ble_dig_receive                          0x0001650f   Thumb Code    18  ble_dig.o(.text)
    ble_dig_on_ble_evt                       0x00016577   Thumb Code    58  ble_dig.o(.text)
    ble_dig_init                             0x000169af   Thumb Code   144  ble_dig.o(.text)
    ble_dig_transmit_send                    0x00016a3f   Thumb Code    94  ble_dig.o(.text)
    ble_dig_analog_send                      0x00016a9d   Thumb Code    94  ble_dig.o(.text)
    ble_conf_on_ble_evt                      0x00016b9b   Thumb Code    58  ble_conf.o(.text)
    ble_conf_init                            0x00016fc7   Thumb Code   144  ble_conf.o(.text)
    ble_conf_enter_passcode_send             0x00017057   Thumb Code    94  ble_conf.o(.text)
    ble_conf_set_passcode_send               0x000170b5   Thumb Code    94  ble_conf.o(.text)
    ble_conf_device_name_send                0x00017113   Thumb Code    94  ble_conf.o(.text)
    ble_spi_on_ble_evt                       0x0001720b   Thumb Code    58  ble_spi.o(.text)
    ble_spi_init                             0x000176f5   Thumb Code   144  ble_spi.o(.text)
    ble_spi_transmit_send                    0x00017785   Thumb Code    94  ble_spi.o(.text)
    ble_spi_receive_send                     0x000177e3   Thumb Code    94  ble_spi.o(.text)
    ble_spi_config_send                      0x00017841   Thumb Code    94  ble_spi.o(.text)
    ble_advdata_set                          0x00017e35   Thumb Code   122  ble_advdata.o(.text)
    app_sched_init                           0x00017ec5   Thumb Code    64  app_scheduler.o(.text)
    app_sched_event_put                      0x00017f05   Thumb Code   316  app_scheduler.o(.text)
    app_sched_execute                        0x00018095   Thumb Code    30  app_scheduler.o(.text)
    RTC1_IRQHandler                          0x000188b9   Thumb Code    34  app_timer.o(.text)
    SWI0_IRQHandler                          0x000188db   Thumb Code     8  app_timer.o(.text)
    app_timer_init                           0x000188e3   Thumb Code   254  app_timer.o(.text)
    app_timer_create                         0x000189e1   Thumb Code   108  app_timer.o(.text)
    app_timer_start                          0x00018ab9   Thumb Code    98  app_timer.o(.text)
    app_timer_stop                           0x00018b1b   Thumb Code    60  app_timer.o(.text)
    app_timer_stop_all                       0x00018b57   Thumb Code    26  app_timer.o(.text)
    app_timer_cnt_get                        0x00018b71   Thumb Code    14  app_timer.o(.text)
    app_timer_cnt_diff_compute               0x00018b7f   Thumb Code    22  app_timer.o(.text)
    ble_conn_params_init                     0x00018c93   Thumb Code    90  ble_conn_params.o(.text)
    ble_conn_params_stop                     0x00018ced   Thumb Code    12  ble_conn_params.o(.text)
    ble_conn_params_on_ble_evt               0x00018e3b   Thumb Code    62  ble_conn_params.o(.text)
    ble_conn_params_change_conn_params       0x00018e79   Thumb Code    86  ble_conn_params.o(.text)
    ble_stack_handler_init                   0x00018f07   Thumb Code    82  ble_stack_handler.o(.text)
    intern_ble_stack_events_execute          0x00018f59   Thumb Code    60  ble_stack_handler.o(.text)
    SWI2_IRQHandler                          0x00018f95   Thumb Code    50  ble_stack_handler.o(.text)
    simple_uart_get                          0x00019011   Thumb Code    24  simple_uart.o(.text)
    simple_uart_get_with_timeout             0x00019029   Thumb Code    62  simple_uart.o(.text)
    simple_uart_put                          0x00019067   Thumb Code    22  simple_uart.o(.text)
    simple_uart_putstring                    0x0001907d   Thumb Code    32  simple_uart.o(.text)
    simple_uart_config                       0x0001909d   Thumb Code   132  simple_uart.o(.text)
    twi_master_init                          0x000191db   Thumb Code    70  twi_sw_master.o(.text)
    twi_master_transfer                      0x00019407   Thumb Code   126  twi_sw_master.o(.text)
    spi_master_init                          0x0001948d   Thumb Code   246  spi_master.o(.text)
    spi_master_tx_rx                         0x00019583   Thumb Code   134  spi_master.o(.text)
    malloc                                   0x00019645   Thumb Code    98  h1_alloc.o(.text)
    free                                     0x000196a7   Thumb Code    76  h1_free.o(.text)
    __aeabi_memcpy                           0x000196f3   Thumb Code   130  rt_memcpy.o(.text)
    __rt_memcpy                              0x000196f3   Thumb Code     0  rt_memcpy.o(.text)
    _memset_w                                0x00019775   Thumb Code    26  rt_memclr.o(.text)
    _memset                                  0x0001978f   Thumb Code    30  rt_memclr.o(.text)
    __aeabi_memclr                           0x000197ad   Thumb Code     4  rt_memclr.o(.text)
    __rt_memclr                              0x000197ad   Thumb Code     0  rt_memclr.o(.text)
    __aeabi_memclr4                          0x000197b1   Thumb Code     0  rt_memclr.o(.text)
    __aeabi_memclr8                          0x000197b1   Thumb Code     0  rt_memclr.o(.text)
    __rt_memclr_w                            0x000197b1   Thumb Code     4  rt_memclr.o(.text)
    __aeabi_uidiv                            0x000197b5   Thumb Code     0  aeabi_sdiv.o(.text)
    __aeabi_uidivmod                         0x000197b5   Thumb Code    20  aeabi_sdiv.o(.text)
    __aeabi_idiv                             0x000197c9   Thumb Code     0  aeabi_sdiv.o(.text)
    __aeabi_idivmod                          0x000197c9   Thumb Code   326  aeabi_sdiv.o(.text)
    __use_two_region_memory                  0x0001990f   Thumb Code     2  heapauxi.o(.text)
    __rt_heap_escrow                         0x00019911   Thumb Code     2  heapauxi.o(.text)
    __rt_heap_expand                         0x00019913   Thumb Code     2  heapauxi.o(.text)
    __rt_heap_descriptor                     0x00019915   Thumb Code     8  rt_heap_descriptor_intlibspace.o(.text)
    __use_no_heap                            0x0001991d   Thumb Code     2  hguard.o(.text)
    __heap$guard                             0x0001991f   Thumb Code     2  hguard.o(.text)
    _terminate_user_alloc                    0x00019921   Thumb Code     2  init_alloc.o(.text)
    _init_user_alloc                         0x00019923   Thumb Code     2  init_alloc.o(.text)
    __Heap_Full                              0x00019925   Thumb Code    32  init_alloc.o(.text)
    __Heap_Broken                            0x00019945   Thumb Code    10  init_alloc.o(.text)
    _init_alloc                              0x0001994f   Thumb Code    90  init_alloc.o(.text)
    __Heap_Initialize                        0x000199a9   Thumb Code    10  h1_init.o(.text)
    __Heap_DescSize                          0x000199b3   Thumb Code     4  h1_init.o(.text)
    __user_libspace                          0x000199b9   Thumb Code     8  libspace.o(.text)
    __user_perproc_libspace                  0x000199b9   Thumb Code     0  libspace.o(.text)
    __user_perthread_libspace                0x000199b9   Thumb Code     0  libspace.o(.text)
    __Heap_ProvideMemory                     0x000199c1   Thumb Code    52  h1_extend.o(.text)
    __rt_SIGRTMEM                            0x000199f5   Thumb Code    12  defsig_rtmem_outer.o(.text)
    __I$use$semihosting                      0x00019a01   Thumb Code     0  use_no_semi.o(.text)
    __use_no_semihosting_swi                 0x00019a01   Thumb Code     2  use_no_semi.o(.text)
    __semihosting_library_function           0x00019a03   Thumb Code     0  indicate_semi.o(.text)
    __user_setup_stackheap                   0x00019a03   Thumb Code    62  sys_stackheap_outer.o(.text)
    exit                                     0x00019a41   Thumb Code    12  exit.o(.text)
    __sig_exit                               0x00019a4d   Thumb Code    12  defsig_exit.o(.text)
    __rt_SIGRTMEM_inner                      0x00019a59   Thumb Code    22  defsig_rtmem_inner.o(.text)
    _sys_exit                                0x00019aa9   Thumb Code     8  sys_exit.o(.text)
    __default_signal_display                 0x00019ab5   Thumb Code    52  defsig_general.o(.text)
    _ttywrch                                 0x00019ae9   Thumb Code    12  sys_wrch.o(.text)
    __ARM_common_switch8                     0x00019af5   Thumb Code    28  main.o(i.__ARM_common_switch8)
    Region$$Table$$Base                      0x00019b60   Number         0  anon$$obj.o(Region$$Table)
    Region$$Table$$Limit                     0x00019b80   Number         0  anon$$obj.o(Region$$Table)
    SystemCoreClock                          0x20002000   Data           4  system_nrf51.o(.data)
    needs_reboot                             0x20002006   Data           1  main.o(.data)
    needs_update                             0x20002007   Data           1  main.o(.data)
    uart_parity_included                     0x20002014   Data           1  ble_uart.o(.data)
    uart_hw_flow_control                     0x20002015   Data           1  ble_uart.o(.data)
    uart_baud_rate                           0x20002018   Data           4  ble_uart.o(.data)
    send_stop_bit                            0x20002024   Data           1  ble_i2c.o(.data)
    passcode_valid                           0x20002036   Data           1  ble_conf.o(.data)
    device_name                              0x20002037   Data          20  ble_conf.o(.data)
    spi_base_address                         0x2000205c   Data           4  ble_spi.o(.data)
    spi_mode                                 0x20002060   Data           4  ble_spi.o(.data)
    lsb_first                                0x20002064   Data           1  ble_spi.o(.data)
    m_uart                                   0x200024d4   Data          76  ble_uart.o(.bss)
    m_i2c                                    0x20002548   Data          76  ble_i2c.o(.bss)
    m_dig                                    0x200025a8   Data          36  ble_dig.o(.bss)
    passcode                                 0x200025cc   Data          20  ble_conf.o(.bss)
    m_conf                                   0x2000261c   Data          96  ble_conf.o(.bss)
    m_spi                                    0x200026a4   Data          76  ble_spi.o(.bss)
    __libspace_start                         0x2000270c   Data          96  libspace.o(.bss)
    __temporary_stack_top$libspace           0x2000276c   Data           0  libspace.o(.bss)



==============================================================================

Memory Map of the image

  Image Entry point : 0x000140c1

  Load Region LR_IROM1 (Base: 0x00014000, Size: 0x00005c48, Max: 0x0002b000, ABSOLUTE)

    Execution Region ER_IROM1 (Base: 0x00014000, Size: 0x00005b80, Max: 0x0002b000, ABSOLUTE)

    Base Addr    Size         Type   Attr      Idx    E Section Name        Object

    0x00014000   0x000000c0   Data   RO            3    RESET               arm_startup_nrf51.o
    0x000140c0   0x00000008   Code   RO          945  * !!!main             c_p.l(__main.o)
    0x000140c8   0x0000003c   Code   RO         1155    !!!scatter          c_p.l(__scatter.o)
    0x00014104   0x0000001a   Code   RO         1157    !!handler_copy      c_p.l(__scatter_copy.o)
    0x0001411e   0x00000002   PAD
    0x00014120   0x0000001c   Code   RO         1159    !!handler_zi        c_p.l(__scatter_zi.o)
    0x0001413c   0x00000002   Code   RO         1094    .ARM.Collect$$libinit$$00000000  c_p.l(libinit.o)
    0x0001413e   0x00000004   Code   RO          981    .ARM.Collect$$libinit$$00000001  c_p.l(libinit2.o)
    0x00014142   0x00000008   Code   RO          983    .ARM.Collect$$libinit$$00000003  c_p.l(libinit2.o)
    0x0001414a   0x00000000   Code   RO          985    .ARM.Collect$$libinit$$00000008  c_p.l(libinit2.o)
    0x0001414a   0x00000000   Code   RO          987    .ARM.Collect$$libinit$$0000000A  c_p.l(libinit2.o)
    0x0001414a   0x00000000   Code   RO          989    .ARM.Collect$$libinit$$0000000C  c_p.l(libinit2.o)
    0x0001414a   0x00000000   Code   RO          992    .ARM.Collect$$libinit$$0000000F  c_p.l(libinit2.o)
    0x0001414a   0x00000000   Code   RO          994    .ARM.Collect$$libinit$$00000011  c_p.l(libinit2.o)
    0x0001414a   0x00000000   Code   RO          996    .ARM.Collect$$libinit$$00000013  c_p.l(libinit2.o)
    0x0001414a   0x00000000   Code   RO          998    .ARM.Collect$$libinit$$00000015  c_p.l(libinit2.o)
    0x0001414a   0x00000000   Code   RO         1000    .ARM.Collect$$libinit$$00000017  c_p.l(libinit2.o)
    0x0001414a   0x00000000   Code   RO         1002    .ARM.Collect$$libinit$$00000019  c_p.l(libinit2.o)
    0x0001414a   0x00000000   Code   RO         1004    .ARM.Collect$$libinit$$0000001B  c_p.l(libinit2.o)
    0x0001414a   0x00000000   Code   RO         1006    .ARM.Collect$$libinit$$0000001D  c_p.l(libinit2.o)
    0x0001414a   0x00000000   Code   RO         1008    .ARM.Collect$$libinit$$0000001F  c_p.l(libinit2.o)
    0x0001414a   0x00000000   Code   RO         1010    .ARM.Collect$$libinit$$00000021  c_p.l(libinit2.o)
    0x0001414a   0x00000000   Code   RO         1012    .ARM.Collect$$libinit$$00000023  c_p.l(libinit2.o)
    0x0001414a   0x00000000   Code   RO         1016    .ARM.Collect$$libinit$$0000002A  c_p.l(libinit2.o)
    0x0001414a   0x00000000   Code   RO         1018    .ARM.Collect$$libinit$$0000002C  c_p.l(libinit2.o)
    0x0001414a   0x00000000   Code   RO         1020    .ARM.Collect$$libinit$$0000002E  c_p.l(libinit2.o)
    0x0001414a   0x00000000   Code   RO         1022    .ARM.Collect$$libinit$$00000030  c_p.l(libinit2.o)
    0x0001414a   0x00000002   Code   RO         1023    .ARM.Collect$$libinit$$00000031  c_p.l(libinit2.o)
    0x0001414c   0x00000002   Code   RO         1152    .ARM.Collect$$libshutdown$$00000000  c_p.l(libshutdown.o)
    0x0001414e   0x00000000   Code   RO         1112    .ARM.Collect$$libshutdown$$00000003  c_p.l(libshutdown2.o)
    0x0001414e   0x00000000   Code   RO         1115    .ARM.Collect$$libshutdown$$00000006  c_p.l(libshutdown2.o)
    0x0001414e   0x00000000   Code   RO         1118    .ARM.Collect$$libshutdown$$00000009  c_p.l(libshutdown2.o)
    0x0001414e   0x00000000   Code   RO         1120    .ARM.Collect$$libshutdown$$0000000B  c_p.l(libshutdown2.o)
    0x0001414e   0x00000000   Code   RO         1123    .ARM.Collect$$libshutdown$$0000000E  c_p.l(libshutdown2.o)
    0x0001414e   0x00000002   Code   RO         1124    .ARM.Collect$$libshutdown$$0000000F  c_p.l(libshutdown2.o)
    0x00014150   0x00000000   Code   RO          949    .ARM.Collect$$rtentry$$00000000  c_p.l(rtentry.o)
    0x00014150   0x00000000   Code   RO         1030    .ARM.Collect$$rtentry$$00000002  c_p.l(rtentry2.o)
    0x00014150   0x00000006   Code   RO         1042    .ARM.Collect$$rtentry$$00000004  c_p.l(rtentry4.o)
    0x00014156   0x00000000   Code   RO         1032    .ARM.Collect$$rtentry$$00000009  c_p.l(rtentry2.o)
    0x00014156   0x00000004   Code   RO         1033    .ARM.Collect$$rtentry$$0000000A  c_p.l(rtentry2.o)
    0x0001415a   0x00000000   Code   RO         1035    .ARM.Collect$$rtentry$$0000000C  c_p.l(rtentry2.o)
    0x0001415a   0x00000008   Code   RO         1036    .ARM.Collect$$rtentry$$0000000D  c_p.l(rtentry2.o)
    0x00014162   0x00000002   Code   RO         1098    .ARM.Collect$$rtexit$$00000000  c_p.l(rtexit.o)
    0x00014164   0x00000000   Code   RO         1128    .ARM.Collect$$rtexit$$00000002  c_p.l(rtexit2.o)
    0x00014164   0x00000004   Code   RO         1129    .ARM.Collect$$rtexit$$00000003  c_p.l(rtexit2.o)
    0x00014168   0x00000006   Code   RO         1130    .ARM.Collect$$rtexit$$00000004  c_p.l(rtexit2.o)
    0x0001416e   0x00000002   PAD
    0x00014170   0x0000001e   Code   RO          619    .emb_text           app_timer.o
    0x0001418e   0x00000002   PAD
    0x00014190   0x0000001e   Code   RO          780    .emb_text           simple_uart.o
    0x000141ae   0x00000002   PAD
    0x000141b0   0x0000001e   Code   RO          807    .emb_text           twi_sw_master.o
    0x000141ce   0x00000002   PAD
    0x000141d0   0x00000038   Code   RO          931    .emb_text           c_p.l(rt_memcpy.o)
    0x00014208   0x00000000   Code   RO         1048    .emb_text           c_p.l(maybetermalloc1.o)
    0x00014208   0x00000048   Code   RO            4    .text               arm_startup_nrf51.o
    0x00014250   0x000000d8   Code   RO           12    .text               system_nrf51.o
    0x00014328   0x0000131c   Code   RO           69    .text               main.o
    0x00015644   0x0000073c   Code   RO          285    .text               ble_uart.o
    0x00015d80   0x00000730   Code   RO          331    .text               ble_i2c.o
    0x000164b0   0x00000694   Code   RO          359    .text               ble_dig.o
    0x00016b44   0x00000670   Code   RO          415    .text               ble_conf.o
    0x000171b4   0x0000073c   Code   RO          443    .text               ble_spi.o
    0x000178f0   0x000005d4   Code   RO          532    .text               ble_advdata.o
    0x00017ec4   0x00000260   Code   RO          579    .text               app_scheduler.o
    0x00018124   0x00000ac8   Code   RO          620    .text               app_timer.o
    0x00018bec   0x00000308   Code   RO          670    .text               ble_conn_params.o
    0x00018ef4   0x0000011c   Code   RO          712    .text               ble_stack_handler.o
    0x00019010   0x00000144   Code   RO          781    .text               simple_uart.o
    0x00019154   0x00000338   Code   RO          808    .text               twi_sw_master.o
    0x0001948c   0x000001b8   Code   RO          835    .text               spi_master.o
    0x00019644   0x00000062   Code   RO          871    .text               c_p.l(h1_alloc.o)
    0x000196a6   0x0000004c   Code   RO          873    .text               c_p.l(h1_free.o)
    0x000196f2   0x00000082   Code   RO          932    .text               c_p.l(rt_memcpy.o)
    0x00019774   0x00000040   Code   RO          935    .text               c_p.l(rt_memclr.o)
    0x000197b4   0x0000015a   Code   RO          939    .text               c_p.l(aeabi_sdiv.o)
    0x0001990e   0x00000006   Code   RO          943    .text               c_p.l(heapauxi.o)
    0x00019914   0x00000008   Code   RO          957    .text               c_p.l(rt_heap_descriptor_intlibspace.o)
    0x0001991c   0x00000004   Code   RO          959    .text               c_p.l(hguard.o)
    0x00019920   0x00000088   Code   RO          961    .text               c_p.l(init_alloc.o)
    0x000199a8   0x0000000e   Code   RO          965    .text               c_p.l(h1_init.o)
    0x000199b6   0x00000002   PAD
    0x000199b8   0x00000008   Code   RO         1026    .text               c_p.l(libspace.o)
    0x000199c0   0x00000034   Code   RO         1050    .text               c_p.l(h1_extend.o)
    0x000199f4   0x0000000c   Code   RO         1054    .text               c_p.l(defsig_rtmem_outer.o)
    0x00019a00   0x00000002   Code   RO         1065    .text               c_p.l(use_no_semi.o)
    0x00019a02   0x00000000   Code   RO         1067    .text               c_p.l(indicate_semi.o)
    0x00019a02   0x0000003e   Code   RO         1068    .text               c_p.l(sys_stackheap_outer.o)
    0x00019a40   0x0000000c   Code   RO         1075    .text               c_p.l(exit.o)
    0x00019a4c   0x0000000c   Code   RO         1077    .text               c_p.l(defsig_exit.o)
    0x00019a58   0x00000050   Code   RO         1083    .text               c_p.l(defsig_rtmem_inner.o)
    0x00019aa8   0x0000000c   Code   RO         1095    .text               c_p.l(sys_exit.o)
    0x00019ab4   0x00000034   Code   RO         1106    .text               c_p.l(defsig_general.o)
    0x00019ae8   0x0000000c   Code   RO         1125    .text               c_p.l(sys_wrch.o)
    0x00019af4   0x0000001c   Code   RO           88    i.__ARM_common_switch8  main.o
    0x00019b10   0x00000010   Data   RO          287    .constdata          ble_uart.o
    0x00019b20   0x00000010   Data   RO          333    .constdata          ble_i2c.o
    0x00019b30   0x00000010   Data   RO          361    .constdata          ble_dig.o
    0x00019b40   0x00000010   Data   RO          417    .constdata          ble_conf.o
    0x00019b50   0x00000010   Data   RO          445    .constdata          ble_spi.o
    0x00019b60   0x00000020   Data   RO         1153    Region$$Table       anon$$obj.o


    Execution Region RW_IRAM1 (Base: 0x20002000, Size: 0x00001770, Max: 0x00002000, ABSOLUTE)

    Base Addr    Size         Type   Attr      Idx    E Section Name        Object

    0x20002000   0x00000004   Data   RW           13    .data               system_nrf51.o
    0x20002004   0x00000010   Data   RW           71    .data               main.o
    0x20002014   0x0000000f   Data   RW          288    .data               ble_uart.o
    0x20002023   0x00000001   PAD
    0x20002024   0x00000009   Data   RW          334    .data               ble_i2c.o
    0x2000202d   0x00000001   PAD
    0x2000202e   0x00000008   Data   RW          362    .data               ble_dig.o
    0x20002036   0x0000001c   Data   RW          418    .data               ble_conf.o
    0x20002052   0x00000002   PAD
    0x20002054   0x00000011   Data   RW          446    .data               ble_spi.o
    0x20002065   0x00000003   PAD
    0x20002068   0x0000000e   Data   RW          580    .data               app_scheduler.o
    0x20002076   0x00000002   PAD
    0x20002078   0x00000024   Data   RW          621    .data               app_timer.o
    0x2000209c   0x0000001c   Data   RW          672    .data               ble_conn_params.o
    0x200020b8   0x0000000e   Data   RW          713    .data               ble_stack_handler.o
    0x200020c6   0x00000002   PAD
    0x200020c8   0x000003e4   Zero   RW           70    .bss                main.o
    0x200024ac   0x00000074   Zero   RW          286    .bss                ble_uart.o
    0x20002520   0x00000074   Zero   RW          332    .bss                ble_i2c.o
    0x20002594   0x00000038   Zero   RW          360    .bss                ble_dig.o
    0x200025cc   0x000000b0   Zero   RW          416    .bss                ble_conf.o
    0x2000267c   0x00000074   Zero   RW          444    .bss                ble_spi.o
    0x200026f0   0x0000001c   Zero   RW          671    .bss                ble_conn_params.o
    0x2000270c   0x00000060   Zero   RW         1027    .bss                c_p.l(libspace.o)
    0x2000276c   0x00000004   PAD
    0x20002770   0x00000800   Zero   RW            2    HEAP                arm_startup_nrf51.o
    0x20002f70   0x00000800   Zero   RW            1    STACK               arm_startup_nrf51.o


==============================================================================

Image component sizes


      Code (inc. data)   RO Data    RW Data    ZI Data      Debug   Object Name

       608         94          0         14          0      14471   app_scheduler.o
      2790        186          0         36          0      25673   app_timer.o
        72         32        192          0       4096        712   arm_startup_nrf51.o
      1492          4          0          0          0      33702   ble_advdata.o
      1648         92         16         28        176       7499   ble_conf.o
       776         38          0         28         28      16598   ble_conn_params.o
      1684        106         16          8         56       7349   ble_dig.o
      1840        102         16          9        116       7351   ble_i2c.o
      1852        106         16         17        116       7485   ble_spi.o
         0          0          0          0          0       3628   ble_srv_common.o
       284         74          0         14          0       9229   ble_stack_handler.o
      1852        106         16         15        116       7520   ble_uart.o
      4920        522          0         16        996      80919   main.o
       354         14          0          0          0       4764   simple_uart.o
       440         12          0          0          0       4831   spi_master.o
       216         28          0          4          0      21581   system_nrf51.o
       854          8          0          0          0       4326   twi_sw_master.o

    ----------------------------------------------------------------------
     21688       1524        304        200       5700     257638   Object Totals
         0          0         32          0          0          0   (incl. Generated)
         6          0          0         11          0          0   (incl. Padding)

    ----------------------------------------------------------------------

      Code (inc. data)   RO Data    RW Data    ZI Data      Debug   Library Member Name

         8          0          0          0          0         68   __main.o
        60          8          0          0          0          0   __scatter.o
        26          0          0          0          0          0   __scatter_copy.o
        28          0          0          0          0          0   __scatter_zi.o
       346          0          0          0          0         92   aeabi_sdiv.o
        12          0          0          0          0         68   defsig_exit.o
        52          0          0          0          0         72   defsig_general.o
        80         58          0          0          0         68   defsig_rtmem_inner.o
        12          0          0          0          0         68   defsig_rtmem_outer.o
        12          0          0          0          0         64   exit.o
        98          0          0          0          0         72   h1_alloc.o
        52          0          0          0          0         68   h1_extend.o
        76          0          0          0          0         72   h1_free.o
        14          0          0          0          0         76   h1_init.o
         6          0          0          0          0        136   heapauxi.o
         4          0          0          0          0        120   hguard.o
         0          0          0          0          0          0   indicate_semi.o
       136          0          0          0          0        160   init_alloc.o
         2          0          0          0          0          0   libinit.o
        14          0          0          0          0          0   libinit2.o
         2          0          0          0          0          0   libshutdown.o
         2          0          0          0          0          0   libshutdown2.o
         8          4          0          0         96         68   libspace.o
         0          0          0          0          0          0   maybetermalloc1.o
         8          4          0          0          0         68   rt_heap_descriptor_intlibspace.o
        64          0          0          0          0        108   rt_memclr.o
       186          0          0          0          0        144   rt_memcpy.o
         0          0          0          0          0          0   rtentry.o
        12          0          0          0          0          0   rtentry2.o
         6          0          0          0          0          0   rtentry4.o
         2          0          0          0          0          0   rtexit.o
        10          0          0          0          0          0   rtexit2.o
        12          4          0          0          0         60   sys_exit.o
        62          0          0          0          0         80   sys_stackheap_outer.o
        12          0          0          0          0         68   sys_wrch.o
         2          0          0          0          0         68   use_no_semi.o

    ----------------------------------------------------------------------
      1432         78          0          0        100       1868   Library Totals
         6          0          0          0          4          0   (incl. Padding)

    ----------------------------------------------------------------------

      Code (inc. data)   RO Data    RW Data    ZI Data      Debug   Library Name

      1426         78          0          0         96       1868   c_p.l

    ----------------------------------------------------------------------
      1432         78          0          0        100       1868   Library Totals

    ----------------------------------------------------------------------

==============================================================================


      Code (inc. data)   RO Data    RW Data    ZI Data      Debug   

     23120       1602        304        200       5800     257490   Grand Totals
     23120       1602        304        200       5800     257490   ELF Image Totals
     23120       1602        304        200          0          0   ROM Totals

==============================================================================

    Total RO  Size (Code + RO Data)                23424 (  22.88kB)
    Total RW  Size (RW Data + ZI Data)              6000 (   5.86kB)
    Total ROM Size (Code + RO Data + RW Data)      23624 (  23.07kB)

==============================================================================

