ARM Linker, 5.03 [Build 24] [MDK-ARM Lite]

==============================================================================

Section Cross References

    arm_startup_nrf51.o(STACK) refers (Special) to heapauxi.o(.text) for __use_two_region_memory
    arm_startup_nrf51.o(HEAP) refers (Special) to heapauxi.o(.text) for __use_two_region_memory
    arm_startup_nrf51.o(RESET) refers (Special) to heapauxi.o(.text) for __use_two_region_memory
    arm_startup_nrf51.o(RESET) refers to arm_startup_nrf51.o(STACK) for __initial_sp
    arm_startup_nrf51.o(RESET) refers to arm_startup_nrf51.o(.text) for Reset_Handler
    arm_startup_nrf51.o(RESET) refers to main.o(.text) for UART0_IRQHandler
    arm_startup_nrf51.o(RESET) refers to app_gpiote.o(.text) for GPIOTE_IRQHandler
    arm_startup_nrf51.o(RESET) refers to app_timer.o(.text) for RTC1_IRQHandler
    arm_startup_nrf51.o(RESET) refers to ble_stack_handler.o(.text) for SWI2_IRQHandler
    arm_startup_nrf51.o(.text) refers (Special) to heapauxi.o(.text) for __use_two_region_memory
    arm_startup_nrf51.o(.text) refers to system_nrf51.o(.text) for SystemInit
    arm_startup_nrf51.o(.text) refers to __main.o(!!!main) for __main
    arm_startup_nrf51.o(.text) refers to arm_startup_nrf51.o(HEAP) for Heap_Mem
    arm_startup_nrf51.o(.text) refers to arm_startup_nrf51.o(STACK) for Stack_Mem
    system_nrf51.o(.text) refers to system_nrf51.o(.data) for SystemCoreClock
    main.o(.text) refers to app_timer.o(.text) for app_timer_init
    main.o(.text) refers to rt_memclr.o(.text) for __aeabi_memclr4
    main.o(.text) refers to ble_advdata.o(.text) for ble_advdata_set
    main.o(.text) refers to ble_uart.o(.text) for ble_uart_init
    main.o(.text) refers to ble_conn_params.o(.text) for ble_conn_params_init
    main.o(.text) refers to main.o(i.__ARM_common_switch8) for __ARM_common_switch8
    main.o(.text) refers to simple_uart.o(.text) for simple_uart_config
    main.o(.text) refers to main.o(.bss) for APP_TIMER_BUF
    main.o(.text) refers to main.o(.constdata) for .constdata
    main.o(.text) refers to ble_uart.o(.bss) for m_uart
    main.o(.text) refers to main.o(.data) for m_sec_params
    main.o(.text) refers to ble_uart.o(.data) for uart_parity_included
    main.o(.text) refers to rt_memcpy.o(.text) for __aeabi_memcpy
    main.o(.text) refers to ble_stack_handler.o(.text) for ble_stack_handler_init
    main.o(.text) refers to app_scheduler.o(.text) for app_sched_init
    main.o(.text) refers to app_gpiote.o(.text) for app_gpiote_init
    main.o(.text) refers to app_button.o(.text) for app_button_init
    ble_srv_common.o(.text) refers to main.o(.text) for app_error_handler
    ble_srv_common.o(.text) refers to strlen.o(.text) for strlen
    ble_uart.o(.text) refers to rt_memclr.o(.text) for __aeabi_memclr4
    ble_uart.o(.text) refers to ble_uart.o(.data) for len_transmit_packet
    ble_uart.o(.text) refers to ble_uart.o(.bss) for initial_trans_state
    ble_uart.o(.text) refers to main.o(.text) for app_error_handler
    ble_uart.o(.text) refers to ble_uart.o(.constdata) for m_base_uuid128
    ble_error_log.o(.text) refers to rt_memcpy.o(.emb_text) for __aeabi_memcpy4
    ble_error_log.o(.text) refers to strncpy.o(.text) for strncpy
    ble_error_log.o(.text) refers to aeabi_sdiv.o(.text) for __aeabi_uidivmod
    ble_error_log.o(.text) refers to ble_flash.o(.text) for ble_flash_page_write
    ble_error_log.o(.text) refers to main.o(.text) for app_error_handler
    ble_error_log.o(.text) refers to arm_startup_nrf51.o(RESET) for __Vectors
    ble_error_log.o(.text) refers to ble_error_log.o(.bss) for m_ble_error_log
    ble_error_log.o(.text) refers to ble_error_log.o(.data) for m_ble_log_clear_flag
    ble_flash.o(.text) refers to rt_memcpy.o(.emb_text) for __aeabi_memcpy4
    ble_flash.o(.text) refers to ble_flash.o(.data) for m_radio_active
    ble_advdata.o(.text) refers to rt_memcpy.o(.text) for __aeabi_memcpy
    app_scheduler.o(.text) refers to main.o(.text) for app_error_handler
    app_scheduler.o(.text) refers to rt_memcpy.o(.text) for __aeabi_memcpy
    app_scheduler.o(.text) refers to app_scheduler.o(.data) for m_queue_event_headers
    app_timer.o(.text) refers to app_timer.o(.emb_text) for __asm___11_app_timer_c_cd27f9c3__nrf_delay_us
    app_timer.o(.text) refers to main.o(.text) for app_error_handler
    app_timer.o(.text) refers to app_timer.o(.data) for mp_nodes
    ble_conn_params.o(.text) refers to rt_memcpy.o(.emb_text) for __aeabi_memcpy4
    ble_conn_params.o(.text) refers to rt_memcpy.o(.text) for __aeabi_memcpy
    ble_conn_params.o(.text) refers to app_timer.o(.text) for app_timer_create
    ble_conn_params.o(.text) refers to ble_conn_params.o(.data) for m_preferred_conn_params
    ble_conn_params.o(.text) refers to ble_conn_params.o(.bss) for m_conn_params_config
    ble_stack_handler.o(.text) refers to main.o(.text) for assert_nrf_callback
    ble_stack_handler.o(.text) refers to ble_stack_handler.o(.data) for m_evt_buffer
    app_button.o(.text) refers to main.o(.text) for app_error_handler
    app_button.o(.text) refers to app_gpiote.o(.text) for app_gpiote_pins_state_get
    app_button.o(.text) refers to app_timer.o(.text) for app_timer_stop
    app_button.o(.text) refers to app_button.o(.data) for m_evt_schedule_func
    app_gpiote.o(.text) refers to rt_memclr.o(.text) for __aeabi_memclr4
    app_gpiote.o(.text) refers to app_gpiote.o(.data) for mp_users
    ble_debug_assert_handler.o(.text) refers to strncpy.o(.text) for strncpy
    ble_debug_assert_handler.o(.text) refers to ble_error_log.o(.text) for ble_error_log_write
    ble_debug_assert_handler.o(.text) refers to ble_debug_assert_handler.o(.bss) for s_file_name
    ble_debug_assert_handler.o(.text) refers to ble_debug_assert_handler.o(.data) for s_line_num
    simple_uart.o(.text) refers to simple_uart.o(.emb_text) for __asm___13_simple_uart_c_5dda6715__nrf_delay_us
    rt_memcpy.o(.text) refers to rt_memcpy.o(.emb_text) for __aeabi_memcpy4
    strncpy.o(.text) refers to rt_memclr.o(.text) for __rt_memclr
    __main.o(!!!main) refers to rtentry.o(.ARM.Collect$$rtentry$$00000000) for __rt_entry
    rtentry.o(.ARM.Collect$$rtentry$$00000000) refers (Special) to rtentry2.o(.ARM.Collect$$rtentry$$0000000A) for __rt_entry_li
    rtentry.o(.ARM.Collect$$rtentry$$00000000) refers (Special) to rtentry2.o(.ARM.Collect$$rtentry$$0000000D) for __rt_entry_main
    rtentry.o(.ARM.Collect$$rtentry$$00000000) refers (Special) to rtentry2.o(.ARM.Collect$$rtentry$$0000000C) for __rt_entry_postli_1
    rtentry.o(.ARM.Collect$$rtentry$$00000000) refers (Special) to rtentry2.o(.ARM.Collect$$rtentry$$00000009) for __rt_entry_postsh_1
    rtentry.o(.ARM.Collect$$rtentry$$00000000) refers (Special) to rtentry2.o(.ARM.Collect$$rtentry$$00000002) for __rt_entry_presh_1
    rtentry.o(.ARM.Collect$$rtentry$$00000000) refers (Special) to rtentry4.o(.ARM.Collect$$rtentry$$00000004) for __rt_entry_sh
    aeabi_idiv0_sigfpe.o(.text) refers to rt_div0.o(.text) for __rt_div0
    rtentry2.o(.ARM.Collect$$rtentry$$00000008) refers to boardinit2.o(.text) for _platform_post_stackheap_init
    rtentry2.o(.ARM.Collect$$rtentry$$0000000A) refers to libinit.o(.ARM.Collect$$libinit$$00000000) for __rt_lib_init
    rtentry2.o(.ARM.Collect$$rtentry$$0000000B) refers to boardinit3.o(.text) for _platform_post_lib_init
    rtentry2.o(.ARM.Collect$$rtentry$$0000000D) refers to main.o(.text) for main
    rtentry2.o(.ARM.Collect$$rtentry$$0000000D) refers to exit.o(.text) for exit
    rtentry2.o(.ARM.exidx) refers to rtentry2.o(.ARM.Collect$$rtentry$$00000001) for .ARM.Collect$$rtentry$$00000001
    rtentry2.o(.ARM.exidx) refers to rtentry2.o(.ARM.Collect$$rtentry$$00000008) for .ARM.Collect$$rtentry$$00000008
    rtentry2.o(.ARM.exidx) refers to rtentry2.o(.ARM.Collect$$rtentry$$0000000A) for .ARM.Collect$$rtentry$$0000000A
    rtentry2.o(.ARM.exidx) refers to rtentry2.o(.ARM.Collect$$rtentry$$0000000B) for .ARM.Collect$$rtentry$$0000000B
    rtentry2.o(.ARM.exidx) refers to rtentry2.o(.ARM.Collect$$rtentry$$0000000D) for .ARM.Collect$$rtentry$$0000000D
    rtentry4.o(.ARM.Collect$$rtentry$$00000004) refers to sys_stackheap_outer.o(.text) for __user_setup_stackheap
    rtentry4.o(.ARM.exidx) refers to rtentry4.o(.ARM.Collect$$rtentry$$00000004) for .ARM.Collect$$rtentry$$00000004
    rt_div0.o(.text) refers to defsig_fpe_outer.o(.text) for __rt_SIGFPE
    sys_stackheap_outer.o(.text) refers to libspace.o(.text) for __user_perproc_libspace
    sys_stackheap_outer.o(.text) refers to arm_startup_nrf51.o(.text) for __user_initial_stackheap
    sys_stackheap_outer.o(__vectab_stack_and_reset_area) refers to tempstk.o(.text) for __temporary_stack_top
    sys_stackheap_outer.o(__vectab_stack_and_reset_area) refers to __main.o(!!!main) for __main
    exit.o(.text) refers to rtexit.o(.ARM.Collect$$rtexit$$00000000) for __rt_exit
    defsig_fpe_outer.o(.text) refers to defsig_fpe_inner.o(.text) for __rt_SIGFPE_inner
    defsig_fpe_outer.o(.text) refers to defsig_exit.o(.text) for __sig_exit
    defsig_fpe_formal.o(.text) refers to rt_raise.o(.text) for __rt_raise
    libinit.o(.ARM.Collect$$libinit$$00000000) refers (Special) to libinit2.o(.ARM.Collect$$libinit$$0000002C) for __rt_lib_init_alloca_1
    libinit.o(.ARM.Collect$$libinit$$00000000) refers (Special) to libinit2.o(.ARM.Collect$$libinit$$0000002A) for __rt_lib_init_argv_1
    libinit.o(.ARM.Collect$$libinit$$00000000) refers (Special) to libinit2.o(.ARM.Collect$$libinit$$00000019) for __rt_lib_init_atexit_1
    libinit.o(.ARM.Collect$$libinit$$00000000) refers (Special) to libinit2.o(.ARM.Collect$$libinit$$0000001F) for __rt_lib_init_clock_1
    libinit.o(.ARM.Collect$$libinit$$00000000) refers (Special) to libinit2.o(.ARM.Collect$$libinit$$00000030) for __rt_lib_init_cpp_1
    libinit.o(.ARM.Collect$$libinit$$00000000) refers (Special) to libinit2.o(.ARM.Collect$$libinit$$0000002E) for __rt_lib_init_exceptions_1
    libinit.o(.ARM.Collect$$libinit$$00000000) refers (Special) to libinit2.o(.ARM.Collect$$libinit$$00000001) for __rt_lib_init_fp_1
    libinit.o(.ARM.Collect$$libinit$$00000000) refers (Special) to libinit2.o(.ARM.Collect$$libinit$$0000001D) for __rt_lib_init_fp_trap_1
    libinit.o(.ARM.Collect$$libinit$$00000000) refers (Special) to libinit2.o(.ARM.Collect$$libinit$$00000021) for __rt_lib_init_getenv_1
    libinit.o(.ARM.Collect$$libinit$$00000000) refers (Special) to libinit2.o(.ARM.Collect$$libinit$$00000008) for __rt_lib_init_heap_1
    libinit.o(.ARM.Collect$$libinit$$00000000) refers (Special) to libinit2.o(.ARM.Collect$$libinit$$0000000F) for __rt_lib_init_lc_collate_1
    libinit.o(.ARM.Collect$$libinit$$00000000) refers (Special) to libinit2.o(.ARM.Collect$$libinit$$00000011) for __rt_lib_init_lc_ctype_1
    libinit.o(.ARM.Collect$$libinit$$00000000) refers (Special) to libinit2.o(.ARM.Collect$$libinit$$00000013) for __rt_lib_init_lc_monetary_1
    libinit.o(.ARM.Collect$$libinit$$00000000) refers (Special) to libinit2.o(.ARM.Collect$$libinit$$00000015) for __rt_lib_init_lc_numeric_1
    libinit.o(.ARM.Collect$$libinit$$00000000) refers (Special) to libinit2.o(.ARM.Collect$$libinit$$00000017) for __rt_lib_init_lc_time_1
    libinit.o(.ARM.Collect$$libinit$$00000000) refers (Special) to libinit2.o(.ARM.Collect$$libinit$$0000000C) for __rt_lib_init_rand_1
    libinit.o(.ARM.Collect$$libinit$$00000000) refers (Special) to libinit2.o(.ARM.Collect$$libinit$$00000031) for __rt_lib_init_return
    libinit.o(.ARM.Collect$$libinit$$00000000) refers (Special) to libinit2.o(.ARM.Collect$$libinit$$0000001B) for __rt_lib_init_signal_1
    libinit.o(.ARM.Collect$$libinit$$00000000) refers (Special) to libinit2.o(.ARM.Collect$$libinit$$00000023) for __rt_lib_init_stdio_1
    libinit.o(.ARM.Collect$$libinit$$00000000) refers (Special) to libinit2.o(.ARM.Collect$$libinit$$0000000A) for __rt_lib_init_user_alloc_1
    libspace.o(.text) refers to libspace.o(.bss) for __libspace_start
    rtexit.o(.ARM.Collect$$rtexit$$00000000) refers (Special) to rtexit2.o(.ARM.Collect$$rtexit$$00000004) for __rt_exit_exit
    rtexit.o(.ARM.Collect$$rtexit$$00000000) refers (Special) to rtexit2.o(.ARM.Collect$$rtexit$$00000003) for __rt_exit_ls
    rtexit.o(.ARM.Collect$$rtexit$$00000000) refers (Special) to rtexit2.o(.ARM.Collect$$rtexit$$00000002) for __rt_exit_prels_1
    rtexit.o(.ARM.exidx) refers (Special) to rtexit2.o(.ARM.Collect$$rtexit$$00000004) for __rt_exit_exit
    rtexit.o(.ARM.exidx) refers (Special) to rtexit2.o(.ARM.Collect$$rtexit$$00000003) for __rt_exit_ls
    rtexit.o(.ARM.exidx) refers (Special) to rtexit2.o(.ARM.Collect$$rtexit$$00000002) for __rt_exit_prels_1
    rtexit.o(.ARM.exidx) refers to rtexit.o(.ARM.Collect$$rtexit$$00000000) for .ARM.Collect$$rtexit$$00000000
    rt_raise.o(.text) refers to __raise.o(.text) for __raise
    rt_raise.o(.text) refers to sys_exit.o(.text) for _sys_exit
    defsig_exit.o(.text) refers to sys_exit.o(.text) for _sys_exit
    defsig_fpe_inner.o(.text) refers to defsig_general.o(.text) for __default_signal_display
    libinit2.o(.ARM.Collect$$libinit$$0000000E) refers to libinit2.o(.ARM.Collect$$libinit$$0000000D) for .ARM.Collect$$libinit$$0000000D
    libinit2.o(.ARM.Collect$$libinit$$00000010) refers to libinit2.o(.ARM.Collect$$libinit$$0000000D) for .ARM.Collect$$libinit$$0000000D
    libinit2.o(.ARM.Collect$$libinit$$00000012) refers to libinit2.o(.ARM.Collect$$libinit$$0000000D) for .ARM.Collect$$libinit$$0000000D
    libinit2.o(.ARM.Collect$$libinit$$00000014) refers to libinit2.o(.ARM.Collect$$libinit$$0000000D) for .ARM.Collect$$libinit$$0000000D
    libinit2.o(.ARM.Collect$$libinit$$00000016) refers to libinit2.o(.ARM.Collect$$libinit$$0000000D) for .ARM.Collect$$libinit$$0000000D
    libinit2.o(.ARM.Collect$$libinit$$00000024) refers to argv_veneer.o(.text) for __ARM_argv_veneer
    libinit2.o(.ARM.Collect$$libinit$$00000025) refers to argv_veneer.o(.text) for __ARM_argv_veneer
    sys_exit.o(.text) refers (Special) to use_no_semi.o(.text) for __I$use$semihosting
    sys_exit.o(.text) refers (Special) to indicate_semi.o(.text) for __semihosting_library_function
    rtexit2.o(.ARM.Collect$$rtexit$$00000003) refers to libshutdown.o(.ARM.Collect$$libshutdown$$00000000) for __rt_lib_shutdown
    rtexit2.o(.ARM.Collect$$rtexit$$00000004) refers to sys_exit.o(.text) for _sys_exit
    rtexit2.o(.ARM.exidx) refers to rtexit2.o(.ARM.Collect$$rtexit$$00000001) for .ARM.Collect$$rtexit$$00000001
    rtexit2.o(.ARM.exidx) refers to rtexit2.o(.ARM.Collect$$rtexit$$00000003) for .ARM.Collect$$rtexit$$00000003
    rtexit2.o(.ARM.exidx) refers to rtexit2.o(.ARM.Collect$$rtexit$$00000004) for .ARM.Collect$$rtexit$$00000004
    __raise.o(.text) refers to defsig.o(CL$$defsig) for __default_signal_handler
    defsig_general.o(.text) refers to sys_wrch.o(.text) for _ttywrch
    sys_wrch.o(.text) refers (Special) to use_no_semi.o(.text) for __I$use$semihosting
    sys_wrch.o(.text) refers (Special) to indicate_semi.o(.text) for __semihosting_library_function
    defsig.o(CL$$defsig) refers to defsig_fpe_inner.o(.text) for __rt_SIGFPE_inner
    defsig.o(CL$$defsig) refers to defsig_rtmem_inner.o(.text) for __rt_SIGRTMEM_inner
    _get_argv_nomalloc.o(.text) refers (Special) to hrguard.o(.text) for __heap_region$guard
    _get_argv_nomalloc.o(.text) refers to defsig_rtmem_outer.o(.text) for __rt_SIGRTMEM
    _get_argv_nomalloc.o(.text) refers to sys_command.o(.text) for _sys_command_string
    libshutdown.o(.ARM.Collect$$libshutdown$$00000000) refers (Special) to libshutdown2.o(.ARM.Collect$$libshutdown$$00000006) for __rt_lib_shutdown_fp_trap_1
    libshutdown.o(.ARM.Collect$$libshutdown$$00000000) refers (Special) to libshutdown2.o(.ARM.Collect$$libshutdown$$0000000E) for __rt_lib_shutdown_heap_1
    libshutdown.o(.ARM.Collect$$libshutdown$$00000000) refers (Special) to libshutdown2.o(.ARM.Collect$$libshutdown$$0000000F) for __rt_lib_shutdown_return
    libshutdown.o(.ARM.Collect$$libshutdown$$00000000) refers (Special) to libshutdown2.o(.ARM.Collect$$libshutdown$$00000009) for __rt_lib_shutdown_signal_1
    libshutdown.o(.ARM.Collect$$libshutdown$$00000000) refers (Special) to libshutdown2.o(.ARM.Collect$$libshutdown$$00000003) for __rt_lib_shutdown_stdio_1
    libshutdown.o(.ARM.Collect$$libshutdown$$00000000) refers (Special) to libshutdown2.o(.ARM.Collect$$libshutdown$$0000000B) for __rt_lib_shutdown_user_alloc_1
    sys_command.o(.text) refers (Special) to use_no_semi.o(.text) for __I$use$semihosting
    sys_command.o(.text) refers (Special) to indicate_semi.o(.text) for __semihosting_library_function
    defsig_abrt_inner.o(.text) refers to defsig_general.o(.text) for __default_signal_display
    defsig_rtred_inner.o(.text) refers to defsig_general.o(.text) for __default_signal_display
    defsig_rtmem_inner.o(.text) refers to defsig_general.o(.text) for __default_signal_display
    defsig_rtmem_outer.o(.text) refers to defsig_rtmem_inner.o(.text) for __rt_SIGRTMEM_inner
    defsig_rtmem_outer.o(.text) refers to defsig_exit.o(.text) for __sig_exit
    defsig_rtmem_formal.o(.text) refers to rt_raise.o(.text) for __rt_raise
    defsig_stak_inner.o(.text) refers to defsig_general.o(.text) for __default_signal_display
    defsig_pvfn_inner.o(.text) refers to defsig_general.o(.text) for __default_signal_display
    defsig_cppl_inner.o(.text) refers to defsig_general.o(.text) for __default_signal_display
    defsig_segv_inner.o(.text) refers to defsig_general.o(.text) for __default_signal_display
    defsig_other.o(.text) refers to defsig_general.o(.text) for __default_signal_display


==============================================================================

Removing Unused input sections from the image.

    Removing system_nrf51.o(.rev16_text), (4 bytes).
    Removing system_nrf51.o(.revsh_text), (4 bytes).
    Removing main.o(.rev16_text), (4 bytes).
    Removing main.o(.revsh_text), (4 bytes).
    Removing ble_srv_common.o(.rev16_text), (4 bytes).
    Removing ble_srv_common.o(.revsh_text), (4 bytes).
    Removing ble_srv_common.o(.text), (140 bytes).
    Removing ble_uart.o(.rev16_text), (4 bytes).
    Removing ble_uart.o(.revsh_text), (4 bytes).
    Removing ble_error_log.o(.rev16_text), (4 bytes).
    Removing ble_error_log.o(.revsh_text), (4 bytes).
    Removing ble_error_log.o(.text), (440 bytes).
    Removing ble_error_log.o(.bss), (392 bytes).
    Removing ble_error_log.o(.data), (1 bytes).
    Removing ble_flash.o(.rev16_text), (4 bytes).
    Removing ble_flash.o(.revsh_text), (4 bytes).
    Removing ble_flash.o(.text), (580 bytes).
    Removing ble_flash.o(.data), (1 bytes).
    Removing ble_advdata.o(.rev16_text), (4 bytes).
    Removing ble_advdata.o(.revsh_text), (4 bytes).
    Removing app_scheduler.o(.rev16_text), (4 bytes).
    Removing app_scheduler.o(.revsh_text), (4 bytes).
    Removing app_timer.o(.rev16_text), (4 bytes).
    Removing app_timer.o(.revsh_text), (4 bytes).
    Removing ble_conn_params.o(.rev16_text), (4 bytes).
    Removing ble_conn_params.o(.revsh_text), (4 bytes).
    Removing ble_stack_handler.o(.rev16_text), (4 bytes).
    Removing ble_stack_handler.o(.revsh_text), (4 bytes).
    Removing app_button.o(.rev16_text), (4 bytes).
    Removing app_button.o(.revsh_text), (4 bytes).
    Removing app_gpiote.o(.rev16_text), (4 bytes).
    Removing app_gpiote.o(.revsh_text), (4 bytes).
    Removing ble_debug_assert_handler.o(.rev16_text), (4 bytes).
    Removing ble_debug_assert_handler.o(.revsh_text), (4 bytes).
    Removing ble_debug_assert_handler.o(.text), (68 bytes).
    Removing ble_debug_assert_handler.o(.bss), (128 bytes).
    Removing ble_debug_assert_handler.o(.data), (8 bytes).
    Removing simple_uart.o(.rev16_text), (4 bytes).
    Removing simple_uart.o(.revsh_text), (4 bytes).

39 unused section(s) (total 1878 bytes) removed from the image.

==============================================================================

Image Symbol Table

    Local Symbols

    Symbol Name                              Value     Ov Type        Size  Object(Section)

    ../clib/angel/boardlib.s                 0x00000000   Number         0  boardinit1.o ABSOLUTE
    ../clib/angel/boardlib.s                 0x00000000   Number         0  boardinit2.o ABSOLUTE
    ../clib/angel/boardlib.s                 0x00000000   Number         0  boardinit3.o ABSOLUTE
    ../clib/angel/boardlib.s                 0x00000000   Number         0  boardshut.o ABSOLUTE
    ../clib/angel/handlers.s                 0x00000000   Number         0  __scatter_zi.o ABSOLUTE
    ../clib/angel/handlers.s                 0x00000000   Number         0  __scatter_copy.o ABSOLUTE
    ../clib/angel/kernel.s                   0x00000000   Number         0  rtentry2.o ABSOLUTE
    ../clib/angel/kernel.s                   0x00000000   Number         0  rtentry.o ABSOLUTE
    ../clib/angel/kernel.s                   0x00000000   Number         0  rtentry4.o ABSOLUTE
    ../clib/angel/kernel.s                   0x00000000   Number         0  rtexit.o ABSOLUTE
    ../clib/angel/kernel.s                   0x00000000   Number         0  rtexit2.o ABSOLUTE
    ../clib/angel/rt.s                       0x00000000   Number         0  rt_div0.o ABSOLUTE
    ../clib/angel/rt.s                       0x00000000   Number         0  aeabi_idiv0.o ABSOLUTE
    ../clib/angel/rt.s                       0x00000000   Number         0  aeabi_idiv0_sigfpe.o ABSOLUTE
    ../clib/angel/rt.s                       0x00000000   Number         0  rt_raise.o ABSOLUTE
    ../clib/angel/scatterp.s                 0x00000000   Number         0  __scatter.o ABSOLUTE
    ../clib/angel/startup.s                  0x00000000   Number         0  __main.o ABSOLUTE
    ../clib/angel/sys.s                      0x00000000   Number         0  sys_stackheap_outer.o ABSOLUTE
    ../clib/angel/sys.s                      0x00000000   Number         0  tempstk.o ABSOLUTE
    ../clib/angel/sys.s                      0x00000000   Number         0  libspace.o ABSOLUTE
    ../clib/angel/sys.s                      0x00000000   Number         0  indicate_semi.o ABSOLUTE
    ../clib/angel/sys.s                      0x00000000   Number         0  use_no_semi.o ABSOLUTE
    ../clib/angel/sysapp.c                   0x00000000   Number         0  sys_command.o ABSOLUTE
    ../clib/angel/sysapp.c                   0x00000000   Number         0  sys_exit.o ABSOLUTE
    ../clib/angel/sysapp.c                   0x00000000   Number         0  sys_wrch.o ABSOLUTE
    ../clib/armsys.c                         0x00000000   Number         0  no_argv.o ABSOLUTE
    ../clib/armsys.c                         0x00000000   Number         0  _get_argv_nomalloc.o ABSOLUTE
    ../clib/armsys.c                         0x00000000   Number         0  argv_veneer.o ABSOLUTE
    ../clib/division.s                       0x00000000   Number         0  aeabi_sdiv.o ABSOLUTE
    ../clib/division.s                       0x00000000   Number         0  aeabi_sdiv_div0.o ABSOLUTE
    ../clib/heapalloc.c                      0x00000000   Number         0  hrguard.o ABSOLUTE
    ../clib/heapaux.c                        0x00000000   Number         0  heapauxi.o ABSOLUTE
    ../clib/libinit.s                        0x00000000   Number         0  libinit.o ABSOLUTE
    ../clib/libinit.s                        0x00000000   Number         0  libshutdown.o ABSOLUTE
    ../clib/libinit.s                        0x00000000   Number         0  libinit2.o ABSOLUTE
    ../clib/libinit.s                        0x00000000   Number         0  libshutdown2.o ABSOLUTE
    ../clib/memcpset.c                       0x00000000   Number         0  rt_memcpy.o ABSOLUTE
    ../clib/memcpset.c                       0x00000000   Number         0  rt_memcpy.o ABSOLUTE
    ../clib/memcpset.c                       0x00000000   Number         0  rt_memclr.o ABSOLUTE
    ../clib/signal.c                         0x00000000   Number         0  defsig_fpe_inner.o ABSOLUTE
    ../clib/signal.c                         0x00000000   Number         0  defsig_abrt_inner.o ABSOLUTE
    ../clib/signal.c                         0x00000000   Number         0  defsig_rtred_inner.o ABSOLUTE
    ../clib/signal.c                         0x00000000   Number         0  defsig_fpe_formal.o ABSOLUTE
    ../clib/signal.c                         0x00000000   Number         0  defsig_fpe_outer.o ABSOLUTE
    ../clib/signal.c                         0x00000000   Number         0  defsig_rtmem_inner.o ABSOLUTE
    ../clib/signal.c                         0x00000000   Number         0  defsig_rtmem_outer.o ABSOLUTE
    ../clib/signal.c                         0x00000000   Number         0  defsig_rtmem_formal.o ABSOLUTE
    ../clib/signal.c                         0x00000000   Number         0  defsig_stak_inner.o ABSOLUTE
    ../clib/signal.c                         0x00000000   Number         0  defsig_exit.o ABSOLUTE
    ../clib/signal.c                         0x00000000   Number         0  __raise.o ABSOLUTE
    ../clib/signal.c                         0x00000000   Number         0  defsig_general.o ABSOLUTE
    ../clib/signal.c                         0x00000000   Number         0  defsig_other.o ABSOLUTE
    ../clib/signal.c                         0x00000000   Number         0  defsig_segv_inner.o ABSOLUTE
    ../clib/signal.c                         0x00000000   Number         0  defsig_cppl_inner.o ABSOLUTE
    ../clib/signal.c                         0x00000000   Number         0  defsig_pvfn_inner.o ABSOLUTE
    ../clib/signal.s                         0x00000000   Number         0  defsig.o ABSOLUTE
    ../clib/stdlib.c                         0x00000000   Number         0  exit.o ABSOLUTE
    ../clib/string.c                         0x00000000   Number         0  strncpy.o ABSOLUTE
    ../clib/string.c                         0x00000000   Number         0  strlen.o ABSOLUTE
    ../fplib/cfplib/fpinit.c                 0x00000000   Number         0  fpinit.o ABSOLUTE
    ..\..\..\NordicSDK\Source\app_common\app_button.c 0x00000000   Number         0  app_button.o ABSOLUTE
    ..\..\..\NordicSDK\Source\app_common\app_gpiote.c 0x00000000   Number         0  app_gpiote.o ABSOLUTE
    ..\..\..\NordicSDK\Source\app_common\app_scheduler.c 0x00000000   Number         0  app_scheduler.o ABSOLUTE
    ..\..\..\NordicSDK\Source\app_common\app_timer.c 0x00000000   Number         0  app_timer.o ABSOLUTE
    ..\..\..\NordicSDK\Source\ble\ble_advdata.c 0x00000000   Number         0  ble_advdata.o ABSOLUTE
    ..\..\..\NordicSDK\Source\ble\ble_conn_params.c 0x00000000   Number         0  ble_conn_params.o ABSOLUTE
    ..\..\..\NordicSDK\Source\ble\ble_debug_assert_handler.c 0x00000000   Number         0  ble_debug_assert_handler.o ABSOLUTE
    ..\..\..\NordicSDK\Source\ble\ble_error_log.c 0x00000000   Number         0  ble_error_log.o ABSOLUTE
    ..\..\..\NordicSDK\Source\ble\ble_flash.c 0x00000000   Number         0  ble_flash.o ABSOLUTE
    ..\..\..\NordicSDK\Source\ble\ble_services\ble_srv_common.c 0x00000000   Number         0  ble_srv_common.o ABSOLUTE
    ..\..\..\NordicSDK\Source\ble\ble_services\ble_uart.c 0x00000000   Number         0  ble_uart.o ABSOLUTE
    ..\..\..\NordicSDK\Source\ble\ble_stack_handler.c 0x00000000   Number         0  ble_stack_handler.o ABSOLUTE
    ..\..\..\NordicSDK\Source\simple_uart\simple_uart.c 0x00000000   Number         0  simple_uart.o ABSOLUTE
    ..\..\..\NordicSDK\Source\templates\arm\arm_startup_nrf51.s 0x00000000   Number         0  arm_startup_nrf51.o ABSOLUTE
    ..\..\..\NordicSDK\Source\templates\system_nrf51.c 0x00000000   Number         0  system_nrf51.o ABSOLUTE
    ..\\..\\..\\NordicSDK\\Source\\app_common\\app_button.c 0x00000000   Number         0  app_button.o ABSOLUTE
    ..\\..\\..\\NordicSDK\\Source\\app_common\\app_gpiote.c 0x00000000   Number         0  app_gpiote.o ABSOLUTE
    ..\\..\\..\\NordicSDK\\Source\\app_common\\app_scheduler.c 0x00000000   Number         0  app_scheduler.o ABSOLUTE
    ..\\..\\..\\NordicSDK\\Source\\app_common\\app_timer.c 0x00000000   Number         0  app_timer.o ABSOLUTE
    ..\\..\\..\\NordicSDK\\Source\\ble\\ble_advdata.c 0x00000000   Number         0  ble_advdata.o ABSOLUTE
    ..\\..\\..\\NordicSDK\\Source\\ble\\ble_conn_params.c 0x00000000   Number         0  ble_conn_params.o ABSOLUTE
    ..\\..\\..\\NordicSDK\\Source\\ble\\ble_debug_assert_handler.c 0x00000000   Number         0  ble_debug_assert_handler.o ABSOLUTE
    ..\\..\\..\\NordicSDK\\Source\\ble\\ble_error_log.c 0x00000000   Number         0  ble_error_log.o ABSOLUTE
    ..\\..\\..\\NordicSDK\\Source\\ble\\ble_flash.c 0x00000000   Number         0  ble_flash.o ABSOLUTE
    ..\\..\\..\\NordicSDK\\Source\\ble\\ble_services\\ble_srv_common.c 0x00000000   Number         0  ble_srv_common.o ABSOLUTE
    ..\\..\\..\\NordicSDK\\Source\\ble\\ble_services\\ble_uart.c 0x00000000   Number         0  ble_uart.o ABSOLUTE
    ..\\..\\..\\NordicSDK\\Source\\ble\\ble_stack_handler.c 0x00000000   Number         0  ble_stack_handler.o ABSOLUTE
    ..\\..\\..\\NordicSDK\\Source\\simple_uart\\simple_uart.c 0x00000000   Number         0  simple_uart.o ABSOLUTE
    ..\\..\\..\\NordicSDK\\Source\\templates\\system_nrf51.c 0x00000000   Number         0  system_nrf51.o ABSOLUTE
    ..\\main.c                               0x00000000   Number         0  main.o ABSOLUTE
    ..\main.c                                0x00000000   Number         0  main.o ABSOLUTE
    dc.s                                     0x00000000   Number         0  dc.o ABSOLUTE
    RESET                                    0x00014000   Section      192  arm_startup_nrf51.o(RESET)
    !!!main                                  0x000140c0   Section        8  __main.o(!!!main)
    !!!scatter                               0x000140c8   Section       60  __scatter.o(!!!scatter)
    !!handler_copy                           0x00014104   Section       26  __scatter_copy.o(!!handler_copy)
    !!handler_zi                             0x00014120   Section       28  __scatter_zi.o(!!handler_zi)
    .ARM.Collect$$libinit$$00000000          0x0001413c   Section        2  libinit.o(.ARM.Collect$$libinit$$00000000)
    .ARM.Collect$$libinit$$00000001          0x0001413e   Section        4  libinit2.o(.ARM.Collect$$libinit$$00000001)
    .ARM.Collect$$libinit$$00000008          0x00014142   Section        0  libinit2.o(.ARM.Collect$$libinit$$00000008)
    .ARM.Collect$$libinit$$0000000A          0x00014142   Section        0  libinit2.o(.ARM.Collect$$libinit$$0000000A)
    .ARM.Collect$$libinit$$0000000C          0x00014142   Section        0  libinit2.o(.ARM.Collect$$libinit$$0000000C)
    .ARM.Collect$$libinit$$0000000F          0x00014142   Section        0  libinit2.o(.ARM.Collect$$libinit$$0000000F)
    .ARM.Collect$$libinit$$00000011          0x00014142   Section        0  libinit2.o(.ARM.Collect$$libinit$$00000011)
    .ARM.Collect$$libinit$$00000013          0x00014142   Section        0  libinit2.o(.ARM.Collect$$libinit$$00000013)
    .ARM.Collect$$libinit$$00000015          0x00014142   Section        0  libinit2.o(.ARM.Collect$$libinit$$00000015)
    .ARM.Collect$$libinit$$00000017          0x00014142   Section        0  libinit2.o(.ARM.Collect$$libinit$$00000017)
    .ARM.Collect$$libinit$$00000019          0x00014142   Section        0  libinit2.o(.ARM.Collect$$libinit$$00000019)
    .ARM.Collect$$libinit$$0000001B          0x00014142   Section        0  libinit2.o(.ARM.Collect$$libinit$$0000001B)
    .ARM.Collect$$libinit$$0000001D          0x00014142   Section        0  libinit2.o(.ARM.Collect$$libinit$$0000001D)
    .ARM.Collect$$libinit$$0000001F          0x00014142   Section        0  libinit2.o(.ARM.Collect$$libinit$$0000001F)
    .ARM.Collect$$libinit$$00000021          0x00014142   Section        0  libinit2.o(.ARM.Collect$$libinit$$00000021)
    .ARM.Collect$$libinit$$00000023          0x00014142   Section        0  libinit2.o(.ARM.Collect$$libinit$$00000023)
    .ARM.Collect$$libinit$$0000002A          0x00014142   Section        0  libinit2.o(.ARM.Collect$$libinit$$0000002A)
    .ARM.Collect$$libinit$$0000002C          0x00014142   Section        0  libinit2.o(.ARM.Collect$$libinit$$0000002C)
    .ARM.Collect$$libinit$$0000002E          0x00014142   Section        0  libinit2.o(.ARM.Collect$$libinit$$0000002E)
    .ARM.Collect$$libinit$$00000030          0x00014142   Section        0  libinit2.o(.ARM.Collect$$libinit$$00000030)
    .ARM.Collect$$libinit$$00000031          0x00014142   Section        2  libinit2.o(.ARM.Collect$$libinit$$00000031)
    .ARM.Collect$$libshutdown$$00000000      0x00014144   Section        2  libshutdown.o(.ARM.Collect$$libshutdown$$00000000)
    .ARM.Collect$$libshutdown$$00000003      0x00014146   Section        0  libshutdown2.o(.ARM.Collect$$libshutdown$$00000003)
    .ARM.Collect$$libshutdown$$00000006      0x00014146   Section        0  libshutdown2.o(.ARM.Collect$$libshutdown$$00000006)
    .ARM.Collect$$libshutdown$$00000009      0x00014146   Section        0  libshutdown2.o(.ARM.Collect$$libshutdown$$00000009)
    .ARM.Collect$$libshutdown$$0000000B      0x00014146   Section        0  libshutdown2.o(.ARM.Collect$$libshutdown$$0000000B)
    .ARM.Collect$$libshutdown$$0000000E      0x00014146   Section        0  libshutdown2.o(.ARM.Collect$$libshutdown$$0000000E)
    .ARM.Collect$$libshutdown$$0000000F      0x00014146   Section        2  libshutdown2.o(.ARM.Collect$$libshutdown$$0000000F)
    .ARM.Collect$$rtentry$$00000000          0x00014148   Section        0  rtentry.o(.ARM.Collect$$rtentry$$00000000)
    .ARM.Collect$$rtentry$$00000002          0x00014148   Section        0  rtentry2.o(.ARM.Collect$$rtentry$$00000002)
    .ARM.Collect$$rtentry$$00000004          0x00014148   Section        6  rtentry4.o(.ARM.Collect$$rtentry$$00000004)
    .ARM.Collect$$rtentry$$00000009          0x0001414e   Section        0  rtentry2.o(.ARM.Collect$$rtentry$$00000009)
    .ARM.Collect$$rtentry$$0000000A          0x0001414e   Section        4  rtentry2.o(.ARM.Collect$$rtentry$$0000000A)
    .ARM.Collect$$rtentry$$0000000C          0x00014152   Section        0  rtentry2.o(.ARM.Collect$$rtentry$$0000000C)
    .ARM.Collect$$rtentry$$0000000D          0x00014152   Section        8  rtentry2.o(.ARM.Collect$$rtentry$$0000000D)
    .ARM.Collect$$rtexit$$00000000           0x0001415a   Section        2  rtexit.o(.ARM.Collect$$rtexit$$00000000)
    .ARM.Collect$$rtexit$$00000002           0x0001415c   Section        0  rtexit2.o(.ARM.Collect$$rtexit$$00000002)
    .ARM.Collect$$rtexit$$00000003           0x0001415c   Section        4  rtexit2.o(.ARM.Collect$$rtexit$$00000003)
    .ARM.Collect$$rtexit$$00000004           0x00014160   Section        6  rtexit2.o(.ARM.Collect$$rtexit$$00000004)
    .emb_text                                0x00014168   Section       30  app_timer.o(.emb_text)
    .emb_text                                0x00014188   Section       30  simple_uart.o(.emb_text)
    .emb_text                                0x000141a8   Section       56  rt_memcpy.o(.emb_text)
    .text                                    0x000141e0   Section       72  arm_startup_nrf51.o(.text)
    .text                                    0x00014228   Section        0  system_nrf51.o(.text)
    is_disabled_in_debug_needed              0x00014231   Thumb Code    48  system_nrf51.o(.text)
    is_manual_peripheral_setup_needed        0x00014261   Thumb Code    94  system_nrf51.o(.text)
    .text                                    0x00014300   Section        0  main.o(.text)
    leds_init                                0x0001432b   Thumb Code    56  main.o(.text)
    timers_init                              0x00014363   Thumb Code    48  main.o(.text)
    gap_params_init                          0x00014393   Thumb Code   118  main.o(.text)
    advertising_init                         0x00014409   Thumb Code    82  main.o(.text)
    services_init                            0x0001445b   Thumb Code    52  main.o(.text)
    sec_params_init                          0x0001448f   Thumb Code    66  main.o(.text)
    on_conn_params_evt                       0x000144d1   Thumb Code    46  main.o(.text)
    conn_params_error_handler                0x000144ff   Thumb Code    16  main.o(.text)
    conn_params_init                         0x0001450f   Thumb Code    82  main.o(.text)
    timers_start                             0x00014561   Thumb Code     2  main.o(.text)
    advertising_start                        0x00014563   Thumb Code    72  main.o(.text)
    uart_reconfig                            0x000145ab   Thumb Code   200  main.o(.text)
    on_ble_evt                               0x000146a5   Thumb Code   386  main.o(.text)
    ble_evt_dispatch                         0x00014827   Thumb Code    26  main.o(.text)
    ble_stack_init                           0x00014841   Thumb Code    48  main.o(.text)
    scheduler_init                           0x00014871   Thumb Code    44  main.o(.text)
    gpiote_init                              0x0001489d   Thumb Code    42  main.o(.text)
    buttons_init                             0x000148c7   Thumb Code    46  main.o(.text)
    power_manage                             0x000148f5   Thumb Code    32  main.o(.text)
    uart_init                                0x00014977   Thumb Code    50  main.o(.text)
    nrf_gpio_pin_set                         0x000149ed   Thumb Code    10  main.o(.text)
    nrf_gpio_pin_clear                       0x000149f7   Thumb Code    10  main.o(.text)
    ble_stack_evt_schedule                   0x00014a01   Thumb Code    14  main.o(.text)
    app_timer_evt_schedule                   0x00014a0f   Thumb Code    22  main.o(.text)
    app_button_evt_schedule                  0x00014a25   Thumb Code    22  main.o(.text)
    ble_stack_evt_get                        0x00014a3b   Thumb Code    42  main.o(.text)
    app_timer_evt_get                        0x00014a65   Thumb Code    48  main.o(.text)
    app_button_evt_get                       0x00014a95   Thumb Code    46  main.o(.text)
    .text                                    0x00014bbc   Section        0  ble_uart.o(.text)
    on_connect                               0x00014bbd   Thumb Code     6  ble_uart.o(.text)
    on_disconnect                            0x00014bc3   Thumb Code     8  ble_uart.o(.text)
    on_write                                 0x00014bcb   Thumb Code    72  ble_uart.o(.text)
    uart_transmit_char_add                   0x00014c4d   Thumb Code   400  ble_uart.o(.text)
    uart_receive_char_add                    0x00014ddd   Thumb Code   434  ble_uart.o(.text)
    uart_config_char_add                     0x00014f8f   Thumb Code   372  ble_uart.o(.text)
    .text                                    0x00015300   Section        0  ble_advdata.o(.text)
    name_encode                              0x00015301   Thumb Code   106  ble_advdata.o(.text)
    appearance_encode                        0x0001536b   Thumb Code    74  ble_advdata.o(.text)
    uint8_array_encode                       0x000153b5   Thumb Code    82  ble_advdata.o(.text)
    tx_power_level_encode                    0x00015407   Thumb Code    48  ble_advdata.o(.text)
    uuid_list_sized_encode                   0x00015437   Thumb Code   196  ble_advdata.o(.text)
    uuid_list_encode                         0x000154fb   Thumb Code    64  ble_advdata.o(.text)
    conn_int_check                           0x0001553b   Thumb Code    88  ble_advdata.o(.text)
    conn_int_encode                          0x00015593   Thumb Code    92  ble_advdata.o(.text)
    manuf_specific_data_encode               0x000155ef   Thumb Code   106  ble_advdata.o(.text)
    service_data_encode                      0x00015659   Thumb Code   140  ble_advdata.o(.text)
    adv_data_encode                          0x000156e5   Thumb Code   304  ble_advdata.o(.text)
    advdata_check                            0x00015815   Thumb Code    32  ble_advdata.o(.text)
    srdata_check                             0x00015835   Thumb Code    16  ble_advdata.o(.text)
    uint16_encode                            0x000158bf   Thumb Code    18  ble_advdata.o(.text)
    .text                                    0x000158d4   Section        0  app_scheduler.o(.text)
    app_sched_event_get                      0x00015a51   Thumb Code    84  app_scheduler.o(.text)
    next_index                               0x00015ac3   Thumb Code    20  app_scheduler.o(.text)
    .text                                    0x00015b34   Section        0  app_timer.o(.text)
    NVIC_SetPriority                         0x00015b35   Thumb Code   110  app_timer.o(.text)
    rtc1_init                                0x00015ba3   Thumb Code    18  app_timer.o(.text)
    rtc1_start                               0x00015bb5   Thumb Code    42  app_timer.o(.text)
    rtc1_stop                                0x00015bdf   Thumb Code    44  app_timer.o(.text)
    timer_list_insert                        0x00015c0b   Thumb Code   206  app_timer.o(.text)
    timer_list_remove                        0x00015cd9   Thumb Code   150  app_timer.o(.text)
    timer_timeouts_check_sched               0x00015d6f   Thumb Code    10  app_timer.o(.text)
    timer_list_handler_sched                 0x00015d79   Thumb Code    10  app_timer.o(.text)
    timeout_handler_exec                     0x00015d83   Thumb Code    60  app_timer.o(.text)
    timer_timeouts_check                     0x00015dbf   Thumb Code   128  app_timer.o(.text)
    elapsed_ticks_acquire                    0x00015e3f   Thumb Code    82  app_timer.o(.text)
    list_deletions_handler                   0x00015e91   Thumb Code   284  app_timer.o(.text)
    expired_timers_handler                   0x00015fad   Thumb Code    98  app_timer.o(.text)
    list_insertions_handler                  0x0001600f   Thumb Code   260  app_timer.o(.text)
    compare_reg_update                       0x00016113   Thumb Code   124  app_timer.o(.text)
    timer_list_handler                       0x0001618f   Thumb Code    70  app_timer.o(.text)
    user_op_enque                            0x000161d5   Thumb Code     4  app_timer.o(.text)
    user_op_alloc                            0x000161d9   Thumb Code    44  app_timer.o(.text)
    timer_start_op_schedule                  0x00016205   Thumb Code    80  app_timer.o(.text)
    timer_stop_op_schedule                   0x00016255   Thumb Code    58  app_timer.o(.text)
    timer_stop_all_op_schedule               0x0001628f   Thumb Code    58  app_timer.o(.text)
    user_id_get                              0x0001645d   Thumb Code   108  app_timer.o(.text)
    NVIC_EnableIRQ                           0x000165a5   Thumb Code    14  app_timer.o(.text)
    NVIC_SetPendingIRQ                       0x000165b3   Thumb Code    14  app_timer.o(.text)
    NVIC_ClearPendingIRQ                     0x000165c1   Thumb Code    16  app_timer.o(.text)
    rtc1_counter_get                         0x000165d1   Thumb Code     6  app_timer.o(.text)
    ticks_diff_get                           0x000165d7   Thumb Code    10  app_timer.o(.text)
    .text                                    0x000165fc   Section        0  ble_conn_params.o(.text)
    is_conn_params_ok                        0x000165fd   Thumb Code    30  ble_conn_params.o(.text)
    update_timeout_handler                   0x0001661b   Thumb Code   136  ble_conn_params.o(.text)
    conn_params_negotiation                  0x00016709   Thumb Code   126  ble_conn_params.o(.text)
    on_connect                               0x00016787   Thumb Code    42  ble_conn_params.o(.text)
    on_disconnect                            0x000167b1   Thumb Code    50  ble_conn_params.o(.text)
    on_write                                 0x000167e3   Thumb Code    84  ble_conn_params.o(.text)
    on_conn_params_update                    0x00016837   Thumb Code    20  ble_conn_params.o(.text)
    .text                                    0x00016904   Section        0  ble_stack_handler.o(.text)
    softdevice_assertion_handler             0x00016905   Thumb Code    18  ble_stack_handler.o(.text)
    .text                                    0x00016a20   Section        0  app_button.o(.text)
    button_handler_execute                   0x00016a21   Thumb Code    58  app_button.o(.text)
    detection_delay_timeout_handler          0x00016a5b   Thumb Code   112  app_button.o(.text)
    gpiote_event_handler                     0x00016acb   Thumb Code    46  app_button.o(.text)
    .text                                    0x00016cac   Section        0  app_gpiote.o(.text)
    sense_level_toggle                       0x00016cad   Thumb Code   124  app_gpiote.o(.text)
    pins_sense_disable                       0x00016d93   Thumb Code    96  app_gpiote.o(.text)
    NVIC_SetPriority                         0x00017043   Thumb Code   110  app_gpiote.o(.text)
    .text                                    0x000170d8   Section        0  simple_uart.o(.text)
    nrf_gpio_cfg_output                      0x000171e9   Thumb Code    18  simple_uart.o(.text)
    nrf_gpio_cfg_input                       0x000171fb   Thumb Code    20  simple_uart.o(.text)
    .text                                    0x0001721c   Section        0  rt_memcpy.o(.text)
    .text                                    0x0001729e   Section        0  rt_memclr.o(.text)
    .text                                    0x000172de   Section        0  heapauxi.o(.text)
    .text                                    0x000172e4   Section       62  sys_stackheap_outer.o(.text)
    .text                                    0x00017322   Section        0  exit.o(.text)
    .text                                    0x00017330   Section        8  libspace.o(.text)
    .text                                    0x00017338   Section        0  sys_exit.o(.text)
    .text                                    0x00017344   Section        2  use_no_semi.o(.text)
    .text                                    0x00017346   Section        0  indicate_semi.o(.text)
    i.__ARM_common_switch8                   0x00017346   Section        0  main.o(i.__ARM_common_switch8)
    .constdata                               0x00017364   Section        4  main.o(.constdata)
    .constdata                               0x00017368   Section       16  ble_uart.o(.constdata)
    m_base_uuid128                           0x00017368   Data          16  ble_uart.o(.constdata)
    .data                                    0x20002000   Section        4  system_nrf51.o(.data)
    __tagsym$$used                           0x20002000   Number         0  system_nrf51.o(.data)
    .data                                    0x20002004   Section        8  main.o(.data)
    m_conn_handle                            0x20002004   Data           2  main.o(.data)
    m_sec_params                             0x20002006   Data           6  main.o(.data)
    .data                                    0x2000200c   Section       11  ble_uart.o(.data)
    len_transmit_packet                      0x20002010   Data           2  ble_uart.o(.data)
    len_receive_packet                       0x20002012   Data           2  ble_uart.o(.data)
    len_config_packet                        0x20002014   Data           2  ble_uart.o(.data)
    initial_conf_state                       0x20002016   Data           1  ble_uart.o(.data)
    .data                                    0x20002018   Section       14  app_scheduler.o(.data)
    m_queue_event_headers                    0x20002018   Data           4  app_scheduler.o(.data)
    m_queue_event_data                       0x2000201c   Data           4  app_scheduler.o(.data)
    m_queue_start_index                      0x20002020   Data           1  app_scheduler.o(.data)
    m_queue_end_index                        0x20002021   Data           1  app_scheduler.o(.data)
    m_queue_event_size                       0x20002022   Data           2  app_scheduler.o(.data)
    m_queue_size                             0x20002024   Data           2  app_scheduler.o(.data)
    .data                                    0x20002028   Section       36  app_timer.o(.data)
    mp_nodes                                 0x20002028   Data           4  app_timer.o(.data)
    m_node_array_size                        0x2000202c   Data           1  app_timer.o(.data)
    m_user_array_size                        0x2000202d   Data           1  app_timer.o(.data)
    mp_users                                 0x20002030   Data           4  app_timer.o(.data)
    m_timer_id_head                          0x20002034   Data           4  app_timer.o(.data)
    m_ticks_latest                           0x20002038   Data           4  app_timer.o(.data)
    m_ticks_elapsed                          0x2000203c   Data           8  app_timer.o(.data)
    m_ticks_elapsed_q_read_ind               0x20002044   Data           1  app_timer.o(.data)
    m_ticks_elapsed_q_write_ind              0x20002045   Data           1  app_timer.o(.data)
    m_evt_schedule_func                      0x20002048   Data           4  app_timer.o(.data)
    .data                                    0x2000204c   Section       28  ble_conn_params.o(.data)
    m_change_param                           0x2000204c   Data           1  ble_conn_params.o(.data)
    m_preferred_conn_params                  0x2000204e   Data           8  ble_conn_params.o(.data)
    m_update_count                           0x20002056   Data           1  ble_conn_params.o(.data)
    m_conn_handle                            0x20002058   Data           2  ble_conn_params.o(.data)
    m_current_conn_params                    0x2000205a   Data           8  ble_conn_params.o(.data)
    m_conn_params_timer_id                   0x20002064   Data           4  ble_conn_params.o(.data)
    .data                                    0x20002068   Section       14  ble_stack_handler.o(.data)
    m_evt_handler                            0x20002068   Data           4  ble_stack_handler.o(.data)
    m_evt_schedule_func                      0x2000206c   Data           4  ble_stack_handler.o(.data)
    m_evt_buffer                             0x20002070   Data           4  ble_stack_handler.o(.data)
    m_evt_buffer_size                        0x20002074   Data           2  ble_stack_handler.o(.data)
    .data                                    0x20002078   Section       32  app_button.o(.data)
    mp_buttons                               0x20002078   Data           4  app_button.o(.data)
    m_button_count                           0x2000207c   Data           1  app_button.o(.data)
    m_active_low_states_mask                 0x20002080   Data           4  app_button.o(.data)
    m_active_high_states_mask                0x20002084   Data           4  app_button.o(.data)
    m_detection_delay                        0x20002088   Data           4  app_button.o(.data)
    m_evt_schedule_func                      0x2000208c   Data           4  app_button.o(.data)
    m_gpiote_user_id                         0x20002090   Data           1  app_button.o(.data)
    m_detection_delay_timer_id               0x20002094   Data           4  app_button.o(.data)
    .data                                    0x20002098   Section       10  app_gpiote.o(.data)
    mp_users                                 0x20002098   Data           4  app_gpiote.o(.data)
    m_enabled_users_mask                     0x2000209c   Data           4  app_gpiote.o(.data)
    m_user_array_size                        0x200020a0   Data           1  app_gpiote.o(.data)
    m_user_count                             0x200020a1   Data           1  app_gpiote.o(.data)
    .bss                                     0x200020a4   Section      876  main.o(.bss)
    APP_TIMER_BUF                            0x200020a4   Data         536  main.o(.bss)
    m_auth_status                            0x200022bc   Data          50  main.o(.bss)
    EVT_BUFFER                               0x200022f0   Data          80  main.o(.bss)
    APP_SCHED_BUF                            0x20002340   Data         176  main.o(.bss)
    app_gpiote_buf                           0x200023f0   Data          20  main.o(.bss)
    buttons                                  0x20002404   Data          12  main.o(.bss)
    .bss                                     0x20002410   Section      116  ble_uart.o(.bss)
    initial_trans_state                      0x20002410   Data          20  ble_uart.o(.bss)
    initial_rec_state                        0x20002424   Data          20  ble_uart.o(.bss)
    .bss                                     0x20002484   Section       28  ble_conn_params.o(.bss)
    m_conn_params_config                     0x20002484   Data          28  ble_conn_params.o(.bss)
    .bss                                     0x200024a0   Section       96  libspace.o(.bss)
    HEAP                                     0x20002500   Section     2048  arm_startup_nrf51.o(HEAP)
    Heap_Mem                                 0x20002500   Data        2048  arm_startup_nrf51.o(HEAP)
    STACK                                    0x20002d00   Section     2048  arm_startup_nrf51.o(STACK)
    Stack_Mem                                0x20002d00   Data        2048  arm_startup_nrf51.o(STACK)
    __initial_sp                             0x20003500   Data           0  arm_startup_nrf51.o(STACK)

    Global Symbols

    Symbol Name                              Value     Ov Type        Size  Object(Section)

    BuildAttributes$$THM_ISAv3M$S$PE$A:L22$X:L11$S22$IEEE1$IW$USESV6$~STKCKD$USESV7$ENUMINT$~SHL$OSPACE$ROPI$EBA8$UX$STANDARDLIB$REQ8$PRES8$EABIv2 0x00000000   Number         0  anon$$obj.o ABSOLUTE
    __ARM_use_no_argv                        0x00000000   Number         0  main.o ABSOLUTE
    __ARM_exceptions_init                     - Undefined Weak Reference
    __alloca_initialize                       - Undefined Weak Reference
    __cpp_initialize__aeabi_                  - Undefined Weak Reference
    __cxa_finalize                            - Undefined Weak Reference
    __rt_locale                               - Undefined Weak Reference
    __sigvec_lookup                           - Undefined Weak Reference
    _atexit_init                              - Undefined Weak Reference
    _call_atexit_fns                          - Undefined Weak Reference
    _clock_init                               - Undefined Weak Reference
    _fp_trap_init                             - Undefined Weak Reference
    _fp_trap_shutdown                         - Undefined Weak Reference
    _get_lc_collate                           - Undefined Weak Reference
    _get_lc_ctype                             - Undefined Weak Reference
    _get_lc_monetary                          - Undefined Weak Reference
    _get_lc_numeric                           - Undefined Weak Reference
    _get_lc_time                              - Undefined Weak Reference
    _getenv_init                              - Undefined Weak Reference
    _handle_redirection                       - Undefined Weak Reference
    _init_alloc                               - Undefined Weak Reference
    _init_user_alloc                          - Undefined Weak Reference
    _initio                                   - Undefined Weak Reference
    _rand_init                                - Undefined Weak Reference
    _signal_finish                            - Undefined Weak Reference
    _signal_init                              - Undefined Weak Reference
    _terminate_alloc                          - Undefined Weak Reference
    _terminate_user_alloc                     - Undefined Weak Reference
    _terminateio                              - Undefined Weak Reference
    __Vectors_Size                           0x000000c0   Number         0  arm_startup_nrf51.o ABSOLUTE
    __Vectors                                0x00014000   Data           4  arm_startup_nrf51.o(RESET)
    __Vectors_End                            0x000140c0   Data           0  arm_startup_nrf51.o(RESET)
    __main                                   0x000140c1   Thumb Code     8  __main.o(!!!main)
    __scatterload                            0x000140c9   Thumb Code     0  __scatter.o(!!!scatter)
    __scatterload_rt2                        0x000140c9   Thumb Code    52  __scatter.o(!!!scatter)
    __scatterload_rt2_thumb_only             0x000140c9   Thumb Code     0  __scatter.o(!!!scatter)
    __scatterload_null                       0x000140d9   Thumb Code     0  __scatter.o(!!!scatter)
    __scatterload_copy                       0x00014105   Thumb Code    26  __scatter_copy.o(!!handler_copy)
    __scatterload_zeroinit                   0x00014121   Thumb Code    28  __scatter_zi.o(!!handler_zi)
    __rt_lib_init                            0x0001413d   Thumb Code     0  libinit.o(.ARM.Collect$$libinit$$00000000)
    __rt_lib_init_fp_1                       0x0001413f   Thumb Code     0  libinit2.o(.ARM.Collect$$libinit$$00000001)
    __rt_lib_init_alloca_1                   0x00014143   Thumb Code     0  libinit2.o(.ARM.Collect$$libinit$$0000002C)
    __rt_lib_init_argv_1                     0x00014143   Thumb Code     0  libinit2.o(.ARM.Collect$$libinit$$0000002A)
    __rt_lib_init_atexit_1                   0x00014143   Thumb Code     0  libinit2.o(.ARM.Collect$$libinit$$00000019)
    __rt_lib_init_clock_1                    0x00014143   Thumb Code     0  libinit2.o(.ARM.Collect$$libinit$$0000001F)
    __rt_lib_init_cpp_1                      0x00014143   Thumb Code     0  libinit2.o(.ARM.Collect$$libinit$$00000030)
    __rt_lib_init_exceptions_1               0x00014143   Thumb Code     0  libinit2.o(.ARM.Collect$$libinit$$0000002E)
    __rt_lib_init_fp_trap_1                  0x00014143   Thumb Code     0  libinit2.o(.ARM.Collect$$libinit$$0000001D)
    __rt_lib_init_getenv_1                   0x00014143   Thumb Code     0  libinit2.o(.ARM.Collect$$libinit$$00000021)
    __rt_lib_init_heap_1                     0x00014143   Thumb Code     0  libinit2.o(.ARM.Collect$$libinit$$00000008)
    __rt_lib_init_lc_collate_1               0x00014143   Thumb Code     0  libinit2.o(.ARM.Collect$$libinit$$0000000F)
    __rt_lib_init_lc_ctype_1                 0x00014143   Thumb Code     0  libinit2.o(.ARM.Collect$$libinit$$00000011)
    __rt_lib_init_lc_monetary_1              0x00014143   Thumb Code     0  libinit2.o(.ARM.Collect$$libinit$$00000013)
    __rt_lib_init_lc_numeric_1               0x00014143   Thumb Code     0  libinit2.o(.ARM.Collect$$libinit$$00000015)
    __rt_lib_init_lc_time_1                  0x00014143   Thumb Code     0  libinit2.o(.ARM.Collect$$libinit$$00000017)
    __rt_lib_init_rand_1                     0x00014143   Thumb Code     0  libinit2.o(.ARM.Collect$$libinit$$0000000C)
    __rt_lib_init_return                     0x00014143   Thumb Code     0  libinit2.o(.ARM.Collect$$libinit$$00000031)
    __rt_lib_init_signal_1                   0x00014143   Thumb Code     0  libinit2.o(.ARM.Collect$$libinit$$0000001B)
    __rt_lib_init_stdio_1                    0x00014143   Thumb Code     0  libinit2.o(.ARM.Collect$$libinit$$00000023)
    __rt_lib_init_user_alloc_1               0x00014143   Thumb Code     0  libinit2.o(.ARM.Collect$$libinit$$0000000A)
    __rt_lib_shutdown                        0x00014145   Thumb Code     0  libshutdown.o(.ARM.Collect$$libshutdown$$00000000)
    __rt_lib_shutdown_fp_trap_1              0x00014147   Thumb Code     0  libshutdown2.o(.ARM.Collect$$libshutdown$$00000006)
    __rt_lib_shutdown_heap_1                 0x00014147   Thumb Code     0  libshutdown2.o(.ARM.Collect$$libshutdown$$0000000E)
    __rt_lib_shutdown_return                 0x00014147   Thumb Code     0  libshutdown2.o(.ARM.Collect$$libshutdown$$0000000F)
    __rt_lib_shutdown_signal_1               0x00014147   Thumb Code     0  libshutdown2.o(.ARM.Collect$$libshutdown$$00000009)
    __rt_lib_shutdown_stdio_1                0x00014147   Thumb Code     0  libshutdown2.o(.ARM.Collect$$libshutdown$$00000003)
    __rt_lib_shutdown_user_alloc_1           0x00014147   Thumb Code     0  libshutdown2.o(.ARM.Collect$$libshutdown$$0000000B)
    __rt_entry                               0x00014149   Thumb Code     0  rtentry.o(.ARM.Collect$$rtentry$$00000000)
    __rt_entry_presh_1                       0x00014149   Thumb Code     0  rtentry2.o(.ARM.Collect$$rtentry$$00000002)
    __rt_entry_sh                            0x00014149   Thumb Code     0  rtentry4.o(.ARM.Collect$$rtentry$$00000004)
    __rt_entry_li                            0x0001414f   Thumb Code     0  rtentry2.o(.ARM.Collect$$rtentry$$0000000A)
    __rt_entry_postsh_1                      0x0001414f   Thumb Code     0  rtentry2.o(.ARM.Collect$$rtentry$$00000009)
    __rt_entry_main                          0x00014153   Thumb Code     0  rtentry2.o(.ARM.Collect$$rtentry$$0000000D)
    __rt_entry_postli_1                      0x00014153   Thumb Code     0  rtentry2.o(.ARM.Collect$$rtentry$$0000000C)
    __rt_exit                                0x0001415b   Thumb Code     0  rtexit.o(.ARM.Collect$$rtexit$$00000000)
    __rt_exit_ls                             0x0001415d   Thumb Code     0  rtexit2.o(.ARM.Collect$$rtexit$$00000003)
    __rt_exit_prels_1                        0x0001415d   Thumb Code     0  rtexit2.o(.ARM.Collect$$rtexit$$00000002)
    __rt_exit_exit                           0x00014161   Thumb Code     0  rtexit2.o(.ARM.Collect$$rtexit$$00000004)
    __asm___11_app_timer_c_cd27f9c3__nrf_delay_us 0x00014169   Thumb Code    30  app_timer.o(.emb_text)
    __asm___13_simple_uart_c_5dda6715__nrf_delay_us 0x00014189   Thumb Code    30  simple_uart.o(.emb_text)
    __aeabi_memcpy4                          0x000141a9   Thumb Code    56  rt_memcpy.o(.emb_text)
    __aeabi_memcpy8                          0x000141a9   Thumb Code     0  rt_memcpy.o(.emb_text)
    Reset_Handler                            0x000141e1   Thumb Code    18  arm_startup_nrf51.o(.text)
    NMI_Handler                              0x000141f3   Thumb Code     2  arm_startup_nrf51.o(.text)
    HardFault_Handler                        0x000141f5   Thumb Code     2  arm_startup_nrf51.o(.text)
    SVC_Handler                              0x000141f7   Thumb Code     2  arm_startup_nrf51.o(.text)
    PendSV_Handler                           0x000141f9   Thumb Code     2  arm_startup_nrf51.o(.text)
    SysTick_Handler                          0x000141fb   Thumb Code     2  arm_startup_nrf51.o(.text)
    ADC_IRQHandler                           0x000141fd   Thumb Code     0  arm_startup_nrf51.o(.text)
    CCM_AAR_IRQHandler                       0x000141fd   Thumb Code     0  arm_startup_nrf51.o(.text)
    ECB_IRQHandler                           0x000141fd   Thumb Code     0  arm_startup_nrf51.o(.text)
    LPCOMP_COMP_IRQHandler                   0x000141fd   Thumb Code     0  arm_startup_nrf51.o(.text)
    POWER_CLOCK_IRQHandler                   0x000141fd   Thumb Code     0  arm_startup_nrf51.o(.text)
    QDEC_IRQHandler                          0x000141fd   Thumb Code     0  arm_startup_nrf51.o(.text)
    RADIO_IRQHandler                         0x000141fd   Thumb Code     0  arm_startup_nrf51.o(.text)
    RNG_IRQHandler                           0x000141fd   Thumb Code     0  arm_startup_nrf51.o(.text)
    RTC0_IRQHandler                          0x000141fd   Thumb Code     0  arm_startup_nrf51.o(.text)
    SPI0_TWI0_IRQHandler                     0x000141fd   Thumb Code     0  arm_startup_nrf51.o(.text)
    SPI1_TWI1_IRQHandler                     0x000141fd   Thumb Code     0  arm_startup_nrf51.o(.text)
    SWI1_IRQHandler                          0x000141fd   Thumb Code     0  arm_startup_nrf51.o(.text)
    SWI3_IRQHandler                          0x000141fd   Thumb Code     0  arm_startup_nrf51.o(.text)
    SWI4_IRQHandler                          0x000141fd   Thumb Code     0  arm_startup_nrf51.o(.text)
    SWI5_IRQHandler                          0x000141fd   Thumb Code     0  arm_startup_nrf51.o(.text)
    TEMP_IRQHandler                          0x000141fd   Thumb Code     0  arm_startup_nrf51.o(.text)
    TIMER0_IRQHandler                        0x000141fd   Thumb Code     0  arm_startup_nrf51.o(.text)
    TIMER1_IRQHandler                        0x000141fd   Thumb Code     0  arm_startup_nrf51.o(.text)
    TIMER2_IRQHandler                        0x000141fd   Thumb Code     0  arm_startup_nrf51.o(.text)
    WDT_IRQHandler                           0x000141fd   Thumb Code     0  arm_startup_nrf51.o(.text)
    __user_initial_stackheap                 0x00014201   Thumb Code     0  arm_startup_nrf51.o(.text)
    SystemCoreClockUpdate                    0x00014229   Thumb Code     8  system_nrf51.o(.text)
    SystemInit                               0x000142bf   Thumb Code    38  system_nrf51.o(.text)
    app_error_handler                        0x00014301   Thumb Code    28  main.o(.text)
    assert_nrf_callback                      0x0001431d   Thumb Code    14  main.o(.text)
    on_write                                 0x00014673   Thumb Code    50  main.o(.text)
    UART0_IRQHandler                         0x00014915   Thumb Code    98  main.o(.text)
    main                                     0x000149a9   Thumb Code    68  main.o(.text)
    ble_uart_on_ble_evt                      0x00014c13   Thumb Code    58  ble_uart.o(.text)
    ble_uart_init                            0x00015103   Thumb Code   144  ble_uart.o(.text)
    ble_uart_transmit_send                   0x00015193   Thumb Code    94  ble_uart.o(.text)
    ble_uart_receive_send                    0x000151f1   Thumb Code    94  ble_uart.o(.text)
    ble_uart_config_send                     0x0001524f   Thumb Code    94  ble_uart.o(.text)
    ble_advdata_set                          0x00015845   Thumb Code   122  ble_advdata.o(.text)
    app_sched_init                           0x000158d5   Thumb Code    64  app_scheduler.o(.text)
    app_sched_event_put                      0x00015915   Thumb Code   316  app_scheduler.o(.text)
    app_sched_execute                        0x00015aa5   Thumb Code    30  app_scheduler.o(.text)
    RTC1_IRQHandler                          0x000162c9   Thumb Code    34  app_timer.o(.text)
    SWI0_IRQHandler                          0x000162eb   Thumb Code     8  app_timer.o(.text)
    app_timer_init                           0x000162f3   Thumb Code   254  app_timer.o(.text)
    app_timer_create                         0x000163f1   Thumb Code   108  app_timer.o(.text)
    app_timer_start                          0x000164c9   Thumb Code    98  app_timer.o(.text)
    app_timer_stop                           0x0001652b   Thumb Code    60  app_timer.o(.text)
    app_timer_stop_all                       0x00016567   Thumb Code    26  app_timer.o(.text)
    app_timer_cnt_get                        0x00016581   Thumb Code    14  app_timer.o(.text)
    app_timer_cnt_diff_compute               0x0001658f   Thumb Code    22  app_timer.o(.text)
    ble_conn_params_init                     0x000166a3   Thumb Code    90  ble_conn_params.o(.text)
    ble_conn_params_stop                     0x000166fd   Thumb Code    12  ble_conn_params.o(.text)
    ble_conn_params_on_ble_evt               0x0001684b   Thumb Code    62  ble_conn_params.o(.text)
    ble_conn_params_change_conn_params       0x00016889   Thumb Code    86  ble_conn_params.o(.text)
    ble_stack_handler_init                   0x00016917   Thumb Code    82  ble_stack_handler.o(.text)
    intern_ble_stack_events_execute          0x00016969   Thumb Code    60  ble_stack_handler.o(.text)
    SWI2_IRQHandler                          0x000169a5   Thumb Code    50  ble_stack_handler.o(.text)
    app_button_init                          0x00016af9   Thumb Code   188  app_button.o(.text)
    app_button_enable                        0x00016bb5   Thumb Code    24  app_button.o(.text)
    app_button_disable                       0x00016bcd   Thumb Code    42  app_button.o(.text)
    app_button_is_pushed                     0x00016bf7   Thumb Code    90  app_button.o(.text)
    GPIOTE_IRQHandler                        0x00016d29   Thumb Code   106  app_gpiote.o(.text)
    app_gpiote_init                          0x00016df3   Thumb Code   114  app_gpiote.o(.text)
    app_gpiote_user_register                 0x00016e65   Thumb Code   138  app_gpiote.o(.text)
    app_gpiote_user_enable                   0x00016eef   Thumb Code   222  app_gpiote.o(.text)
    app_gpiote_user_disable                  0x00016fcd   Thumb Code    66  app_gpiote.o(.text)
    app_gpiote_pins_state_get                0x0001700f   Thumb Code    52  app_gpiote.o(.text)
    simple_uart_get                          0x000170d9   Thumb Code    24  simple_uart.o(.text)
    simple_uart_get_with_timeout             0x000170f1   Thumb Code    62  simple_uart.o(.text)
    simple_uart_put                          0x0001712f   Thumb Code    22  simple_uart.o(.text)
    simple_uart_putstring                    0x00017145   Thumb Code    32  simple_uart.o(.text)
    simple_uart_config                       0x00017165   Thumb Code   132  simple_uart.o(.text)
    __aeabi_memcpy                           0x0001721d   Thumb Code   130  rt_memcpy.o(.text)
    __rt_memcpy                              0x0001721d   Thumb Code     0  rt_memcpy.o(.text)
    _memset_w                                0x0001729f   Thumb Code    26  rt_memclr.o(.text)
    _memset                                  0x000172b9   Thumb Code    30  rt_memclr.o(.text)
    __aeabi_memclr                           0x000172d7   Thumb Code     4  rt_memclr.o(.text)
    __rt_memclr                              0x000172d7   Thumb Code     0  rt_memclr.o(.text)
    __aeabi_memclr4                          0x000172db   Thumb Code     0  rt_memclr.o(.text)
    __aeabi_memclr8                          0x000172db   Thumb Code     0  rt_memclr.o(.text)
    __rt_memclr_w                            0x000172db   Thumb Code     4  rt_memclr.o(.text)
    __use_two_region_memory                  0x000172df   Thumb Code     2  heapauxi.o(.text)
    __rt_heap_escrow$2region                 0x000172e1   Thumb Code     2  heapauxi.o(.text)
    __rt_heap_expand$2region                 0x000172e3   Thumb Code     2  heapauxi.o(.text)
    __user_setup_stackheap                   0x000172e5   Thumb Code    62  sys_stackheap_outer.o(.text)
    exit                                     0x00017323   Thumb Code    12  exit.o(.text)
    __user_libspace                          0x00017331   Thumb Code     8  libspace.o(.text)
    __user_perproc_libspace                  0x00017331   Thumb Code     0  libspace.o(.text)
    __user_perthread_libspace                0x00017331   Thumb Code     0  libspace.o(.text)
    _sys_exit                                0x00017339   Thumb Code     8  sys_exit.o(.text)
    __I$use$semihosting                      0x00017345   Thumb Code     0  use_no_semi.o(.text)
    __use_no_semihosting_swi                 0x00017345   Thumb Code     2  use_no_semi.o(.text)
    __ARM_common_switch8                     0x00017347   Thumb Code    28  main.o(i.__ARM_common_switch8)
    __semihosting_library_function           0x00017347   Thumb Code     0  indicate_semi.o(.text)
    Region$$Table$$Base                      0x00017378   Number         0  anon$$obj.o(Region$$Table)
    Region$$Table$$Limit                     0x00017398   Number         0  anon$$obj.o(Region$$Table)
    SystemCoreClock                          0x20002000   Data           4  system_nrf51.o(.data)
    uart_parity_included                     0x2000200c   Data           1  ble_uart.o(.data)
    uart_hw_flow_control                     0x2000200d   Data           1  ble_uart.o(.data)
    uart_baud_rate                           0x2000200e   Data           1  ble_uart.o(.data)
    m_uart                                   0x20002438   Data          76  ble_uart.o(.bss)
    __libspace_start                         0x200024a0   Data          96  libspace.o(.bss)
    __temporary_stack_top$libspace           0x20002500   Data           0  libspace.o(.bss)



==============================================================================

Memory Map of the image

  Image Entry point : 0x000140c1

  Load Region LR_IROM1 (Base: 0x00014000, Size: 0x0000343c, Max: 0x0002b000, ABSOLUTE)

    Execution Region ER_IROM1 (Base: 0x00014000, Size: 0x00003398, Max: 0x0002b000, ABSOLUTE)

    Base Addr    Size         Type   Attr      Idx    E Section Name        Object

    0x00014000   0x000000c0   Data   RO            3    RESET               arm_startup_nrf51.o
    0x000140c0   0x00000008   Code   RO          731  * !!!main             c_p.l(__main.o)
    0x000140c8   0x0000003c   Code   RO          897    !!!scatter          c_p.l(__scatter.o)
    0x00014104   0x0000001a   Code   RO          899    !!handler_copy      c_p.l(__scatter_copy.o)
    0x0001411e   0x00000002   PAD
    0x00014120   0x0000001c   Code   RO          901    !!handler_zi        c_p.l(__scatter_zi.o)
    0x0001413c   0x00000002   Code   RO          769    .ARM.Collect$$libinit$$00000000  c_p.l(libinit.o)
    0x0001413e   0x00000004   Code   RO          782    .ARM.Collect$$libinit$$00000001  c_p.l(libinit2.o)
    0x00014142   0x00000000   Code   RO          786    .ARM.Collect$$libinit$$00000008  c_p.l(libinit2.o)
    0x00014142   0x00000000   Code   RO          788    .ARM.Collect$$libinit$$0000000A  c_p.l(libinit2.o)
    0x00014142   0x00000000   Code   RO          790    .ARM.Collect$$libinit$$0000000C  c_p.l(libinit2.o)
    0x00014142   0x00000000   Code   RO          793    .ARM.Collect$$libinit$$0000000F  c_p.l(libinit2.o)
    0x00014142   0x00000000   Code   RO          795    .ARM.Collect$$libinit$$00000011  c_p.l(libinit2.o)
    0x00014142   0x00000000   Code   RO          797    .ARM.Collect$$libinit$$00000013  c_p.l(libinit2.o)
    0x00014142   0x00000000   Code   RO          799    .ARM.Collect$$libinit$$00000015  c_p.l(libinit2.o)
    0x00014142   0x00000000   Code   RO          801    .ARM.Collect$$libinit$$00000017  c_p.l(libinit2.o)
    0x00014142   0x00000000   Code   RO          803    .ARM.Collect$$libinit$$00000019  c_p.l(libinit2.o)
    0x00014142   0x00000000   Code   RO          805    .ARM.Collect$$libinit$$0000001B  c_p.l(libinit2.o)
    0x00014142   0x00000000   Code   RO          807    .ARM.Collect$$libinit$$0000001D  c_p.l(libinit2.o)
    0x00014142   0x00000000   Code   RO          809    .ARM.Collect$$libinit$$0000001F  c_p.l(libinit2.o)
    0x00014142   0x00000000   Code   RO          811    .ARM.Collect$$libinit$$00000021  c_p.l(libinit2.o)
    0x00014142   0x00000000   Code   RO          813    .ARM.Collect$$libinit$$00000023  c_p.l(libinit2.o)
    0x00014142   0x00000000   Code   RO          817    .ARM.Collect$$libinit$$0000002A  c_p.l(libinit2.o)
    0x00014142   0x00000000   Code   RO          819    .ARM.Collect$$libinit$$0000002C  c_p.l(libinit2.o)
    0x00014142   0x00000000   Code   RO          821    .ARM.Collect$$libinit$$0000002E  c_p.l(libinit2.o)
    0x00014142   0x00000000   Code   RO          823    .ARM.Collect$$libinit$$00000030  c_p.l(libinit2.o)
    0x00014142   0x00000002   Code   RO          824    .ARM.Collect$$libinit$$00000031  c_p.l(libinit2.o)
    0x00014144   0x00000002   Code   RO          855    .ARM.Collect$$libshutdown$$00000000  c_p.l(libshutdown.o)
    0x00014146   0x00000000   Code   RO          882    .ARM.Collect$$libshutdown$$00000003  c_p.l(libshutdown2.o)
    0x00014146   0x00000000   Code   RO          885    .ARM.Collect$$libshutdown$$00000006  c_p.l(libshutdown2.o)
    0x00014146   0x00000000   Code   RO          888    .ARM.Collect$$libshutdown$$00000009  c_p.l(libshutdown2.o)
    0x00014146   0x00000000   Code   RO          890    .ARM.Collect$$libshutdown$$0000000B  c_p.l(libshutdown2.o)
    0x00014146   0x00000000   Code   RO          893    .ARM.Collect$$libshutdown$$0000000E  c_p.l(libshutdown2.o)
    0x00014146   0x00000002   Code   RO          894    .ARM.Collect$$libshutdown$$0000000F  c_p.l(libshutdown2.o)
    0x00014148   0x00000000   Code   RO          733    .ARM.Collect$$rtentry$$00000000  c_p.l(rtentry.o)
    0x00014148   0x00000000   Code   RO          739    .ARM.Collect$$rtentry$$00000002  c_p.l(rtentry2.o)
    0x00014148   0x00000006   Code   RO          751    .ARM.Collect$$rtentry$$00000004  c_p.l(rtentry4.o)
    0x0001414e   0x00000000   Code   RO          741    .ARM.Collect$$rtentry$$00000009  c_p.l(rtentry2.o)
    0x0001414e   0x00000004   Code   RO          742    .ARM.Collect$$rtentry$$0000000A  c_p.l(rtentry2.o)
    0x00014152   0x00000000   Code   RO          744    .ARM.Collect$$rtentry$$0000000C  c_p.l(rtentry2.o)
    0x00014152   0x00000008   Code   RO          745    .ARM.Collect$$rtentry$$0000000D  c_p.l(rtentry2.o)
    0x0001415a   0x00000002   Code   RO          774    .ARM.Collect$$rtexit$$00000000  c_p.l(rtexit.o)
    0x0001415c   0x00000000   Code   RO          828    .ARM.Collect$$rtexit$$00000002  c_p.l(rtexit2.o)
    0x0001415c   0x00000004   Code   RO          829    .ARM.Collect$$rtexit$$00000003  c_p.l(rtexit2.o)
    0x00014160   0x00000006   Code   RO          830    .ARM.Collect$$rtexit$$00000004  c_p.l(rtexit2.o)
    0x00014166   0x00000002   PAD
    0x00014168   0x0000001e   Code   RO          459    .emb_text           app_timer.o
    0x00014186   0x00000002   PAD
    0x00014188   0x0000001e   Code   RO          688    .emb_text           simple_uart.o
    0x000141a6   0x00000002   PAD
    0x000141a8   0x00000038   Code   RO          717    .emb_text           c_p.l(rt_memcpy.o)
    0x000141e0   0x00000048   Code   RO            4    .text               arm_startup_nrf51.o
    0x00014228   0x000000d8   Code   RO           12    .text               system_nrf51.o
    0x00014300   0x000008bc   Code   RO           69    .text               main.o
    0x00014bbc   0x00000744   Code   RO          265    .text               ble_uart.o
    0x00015300   0x000005d4   Code   RO          372    .text               ble_advdata.o
    0x000158d4   0x00000260   Code   RO          419    .text               app_scheduler.o
    0x00015b34   0x00000ac8   Code   RO          460    .text               app_timer.o
    0x000165fc   0x00000308   Code   RO          510    .text               ble_conn_params.o
    0x00016904   0x0000011c   Code   RO          552    .text               ble_stack_handler.o
    0x00016a20   0x0000028c   Code   RO          589    .text               app_button.o
    0x00016cac   0x0000042c   Code   RO          623    .text               app_gpiote.o
    0x000170d8   0x00000144   Code   RO          689    .text               simple_uart.o
    0x0001721c   0x00000082   Code   RO          718    .text               c_p.l(rt_memcpy.o)
    0x0001729e   0x00000040   Code   RO          721    .text               c_p.l(rt_memclr.o)
    0x000172de   0x00000006   Code   RO          729    .text               c_p.l(heapauxi.o)
    0x000172e4   0x0000003e   Code   RO          755    .text               c_p.l(sys_stackheap_outer.o)
    0x00017322   0x0000000c   Code   RO          758    .text               c_p.l(exit.o)
    0x0001732e   0x00000002   PAD
    0x00017330   0x00000008   Code   RO          770    .text               c_p.l(libspace.o)
    0x00017338   0x0000000c   Code   RO          825    .text               c_p.l(sys_exit.o)
    0x00017344   0x00000002   Code   RO          844    .text               c_p.l(use_no_semi.o)
    0x00017346   0x00000000   Code   RO          846    .text               c_p.l(indicate_semi.o)
    0x00017346   0x0000001c   Code   RO           88    i.__ARM_common_switch8  main.o
    0x00017362   0x00000002   PAD
    0x00017364   0x00000004   Data   RO           71    .constdata          main.o
    0x00017368   0x00000010   Data   RO          267    .constdata          ble_uart.o
    0x00017378   0x00000020   Data   RO          895    Region$$Table       anon$$obj.o


    Execution Region RW_IRAM1 (Base: 0x20002000, Size: 0x00001500, Max: 0x00002000, ABSOLUTE)

    Base Addr    Size         Type   Attr      Idx    E Section Name        Object

    0x20002000   0x00000004   Data   RW           13    .data               system_nrf51.o
    0x20002004   0x00000008   Data   RW           72    .data               main.o
    0x2000200c   0x0000000b   Data   RW          268    .data               ble_uart.o
    0x20002017   0x00000001   PAD
    0x20002018   0x0000000e   Data   RW          420    .data               app_scheduler.o
    0x20002026   0x00000002   PAD
    0x20002028   0x00000024   Data   RW          461    .data               app_timer.o
    0x2000204c   0x0000001c   Data   RW          512    .data               ble_conn_params.o
    0x20002068   0x0000000e   Data   RW          553    .data               ble_stack_handler.o
    0x20002076   0x00000002   PAD
    0x20002078   0x00000020   Data   RW          590    .data               app_button.o
    0x20002098   0x0000000a   Data   RW          624    .data               app_gpiote.o
    0x200020a2   0x00000002   PAD
    0x200020a4   0x0000036c   Zero   RW           70    .bss                main.o
    0x20002410   0x00000074   Zero   RW          266    .bss                ble_uart.o
    0x20002484   0x0000001c   Zero   RW          511    .bss                ble_conn_params.o
    0x200024a0   0x00000060   Zero   RW          771    .bss                c_p.l(libspace.o)
    0x20002500   0x00000800   Zero   RW            2    HEAP                arm_startup_nrf51.o
    0x20002d00   0x00000800   Zero   RW            1    STACK               arm_startup_nrf51.o


==============================================================================

Image component sizes


      Code (inc. data)   RO Data    RW Data    ZI Data      Debug   Object Name

       652         92          0         32          0       8084   app_button.o
      1068         40          0         10          0      15286   app_gpiote.o
       608         94          0         14          0      14471   app_scheduler.o
      2790        186          0         36          0      25673   app_timer.o
        72         32        192          0       4096        712   arm_startup_nrf51.o
      1492          4          0          0          0      33702   ble_advdata.o
       776         38          0         28         28      16598   ble_conn_params.o
         0          0          0          0          0       3628   ble_srv_common.o
       284         74          0         14          0       9229   ble_stack_handler.o
      1860        108         16         11        116       7428   ble_uart.o
      2264        404          4          8        876      74725   main.o
       354         14          0          0          0       4764   simple_uart.o
       216         28          0          4          0      21581   system_nrf51.o

    ----------------------------------------------------------------------
     12442       1114        244        164       5116     235881   Object Totals
         0          0         32          0          0          0   (incl. Generated)
         6          0          0          7          0          0   (incl. Padding)

    ----------------------------------------------------------------------

      Code (inc. data)   RO Data    RW Data    ZI Data      Debug   Library Member Name

         8          0          0          0          0         68   __main.o
        60          8          0          0          0          0   __scatter.o
        26          0          0          0          0          0   __scatter_copy.o
        28          0          0          0          0          0   __scatter_zi.o
        12          0          0          0          0         64   exit.o
         6          0          0          0          0        136   heapauxi.o
         0          0          0          0          0          0   indicate_semi.o
         2          0          0          0          0          0   libinit.o
         6          0          0          0          0          0   libinit2.o
         2          0          0          0          0          0   libshutdown.o
         2          0          0          0          0          0   libshutdown2.o
         8          4          0          0         96         68   libspace.o
        64          0          0          0          0        108   rt_memclr.o
       186          0          0          0          0        144   rt_memcpy.o
         0          0          0          0          0          0   rtentry.o
        12          0          0          0          0          0   rtentry2.o
         6          0          0          0          0          0   rtentry4.o
         2          0          0          0          0          0   rtexit.o
        10          0          0          0          0          0   rtexit2.o
        12          4          0          0          0         60   sys_exit.o
        62          0          0          0          0         80   sys_stackheap_outer.o
         2          0          0          0          0         68   use_no_semi.o

    ----------------------------------------------------------------------
       522         16          0          0         96        796   Library Totals
         6          0          0          0          0          0   (incl. Padding)

    ----------------------------------------------------------------------

      Code (inc. data)   RO Data    RW Data    ZI Data      Debug   Library Name

       516         16          0          0         96        796   c_p.l

    ----------------------------------------------------------------------
       522         16          0          0         96        796   Library Totals

    ----------------------------------------------------------------------

==============================================================================


      Code (inc. data)   RO Data    RW Data    ZI Data      Debug   

     12964       1130        244        164       5212     235565   Grand Totals
     12964       1130        244        164       5212     235565   ELF Image Totals
     12964       1130        244        164          0          0   ROM Totals

==============================================================================

    Total RO  Size (Code + RO Data)                13208 (  12.90kB)
    Total RW  Size (RW Data + ZI Data)              5376 (   5.25kB)
    Total ROM Size (Code + RO Data + RW Data)      13372 (  13.06kB)

==============================================================================

